<html>
<body>
<pre>
<h1>礦ision Build Log</h1>
<h2>Project:</h2>
E:\mine\Data\Embedded\作品\药品柜防火防盗报警系统\demo\采集端\Collection\project\collect.uvprojx
Project File Date:  07/28/2015

<h2>Output:</h2>
Build target 'Collection'
linking...
Program Size: Code=10128 RO-data=268 RW-data=52 ZI-data=1748  
"..\out\collect.axf" - 0 Error(s), 0 Warning(s).

<h2>Software Packages used:</h2>

Package Vendor: ARM
                http://www.keil.com/pack/ARM.CMSIS.4.1.0.pack
                ARM::CMSIS:CORE:3.30.0
                CMSIS (Cortex Microcontroller Software Interface Standard)
   * Component: CORE Version: 3.30.0

Package Vendor: Keil
                http://www.keil.com/pack/Keil.STM32F1xx_DFP.1.0.5.pack
                Keil::Device:StdPeriph Drivers:Framework:3.5.1
                STMicroelectronics STM32F1 Series Device Support, Drivers and Examples
   * Component: Framework Version: 3.5.1
   * Component: Startup Version: 1.0.0
   * Component: RCC Version: 3.5.0
   * Component: GPIO Version: 3.5.0
   * Component: TIM Version: 3.5.0
   * Component: USART Version: 3.5.0
   * Component: SPI Version: 3.5.0
   * Component: GPIO Version: 1.01.0

<h2>Collection of Component include folders:</h2>
  E:\mine\Data\Embedded\作品\药品柜防火防盗报警系统\demo\采集端\Collection\project\RTE
  E:\mine\Data\Embedded\作品\药品柜防火防盗报警系统\demo\采集端\Collection\project\RTE\Device\STM32F103C8
  D:\Program Files (x86)\keil\ARM\PACK\ARM\CMSIS\4.1.0\CMSIS\Include
  D:\Program Files (x86)\keil\ARM\PACK\Keil\STM32F1xx_DFP\1.0.5\Device\Include
  D:\Program Files (x86)\keil\ARM\PACK\Keil\STM32F1xx_DFP\1.0.5\Device\StdPeriph_Driver\inc
  D:\Program Files (x86)\keil\ARM\PACK\Keil\STM32F1xx_DFP\1.0.5\RTE_Driver

<h2>Collection of Component Files used:</h2>

   * Component: ARM::CMSIS:CORE:3.30.0
      Source file:   CMSIS\UserCodeTemplates\ARM\ITM_Retarget.c

   * Component: Keil::Device:StdPeriph Drivers:Framework:3.5.1
      Source file:   Device\StdPeriph_Driver\templates\stm32f10x_conf.h
      Source file:   Device\StdPeriph_Driver\templates\stm32f10x_it.c
      Source file:   Device\StdPeriph_Driver\src\misc.c

   * Component: Keil::Device:Startup:1.0.0
      Source file:   Device\Source\system_stm32f10x.c
      Source file:   Device\Source\ARM\startup_stm32f10x_md.s
      Include file:  RTE_Driver\Config\RTE_Device.h
      Source file:   Device\Source\ARM\STM32F1xx_OPT.s

   * Component: Keil::Device:StdPeriph Drivers:RCC:3.5.0
      Source file:   Device\StdPeriph_Driver\src\stm32f10x_rcc.c
      Include file:  Device\StdPeriph_Driver\inc\stm32f10x_rcc.h

   * Component: Keil::Device:StdPeriph Drivers:GPIO:3.5.0
      Include file:  Device\StdPeriph_Driver\inc\stm32f10x_gpio.h
      Source file:   Device\StdPeriph_Driver\src\stm32f10x_gpio.c

   * Component: Keil::Device:StdPeriph Drivers:TIM:3.5.0
      Include file:  Device\StdPeriph_Driver\inc\stm32f10x_tim.h
      Source file:   Device\StdPeriph_Driver\src\stm32f10x_tim.c

   * Component: Keil::Device:StdPeriph Drivers:USART:3.5.0
      Include file:  Device\StdPeriph_Driver\inc\stm32f10x_usart.h
      Source file:   Device\StdPeriph_Driver\src\stm32f10x_usart.c

   * Component: Keil::Device:StdPeriph Drivers:SPI:3.5.0
      Source file:   Device\StdPeriph_Driver\src\stm32f10x_spi.c
      Include file:  Device\StdPeriph_Driver\inc\stm32f10x_spi.h

   * Component: Keil::Device:GPIO:1.01.0
      Include file:  RTE_Driver\GPIO_STM32F10x.h
      Source file:   RTE_Driver\GPIO_STM32F10x.c
Load "..\\out\\collect.axf" 
Set JLink Project File to "E:\mine\Data\Embedded\作品\药品柜防火防盗报警系统\demo\采集端\Collection\project\JLinkSettings.ini"
* JLink Info: Device "STM32F103C8" selected (64 KB flash, 20 KB RAM).
 
JLink info:
------------
DLL: V4.80g, compiled Feb 13 2014 20:50:02
Firmware: J-Link ARM V8 compiled Nov 25 2013 19:20:08
Hardware: V8.00
S/N : 799713843 
Feature(s) : RDI,FlashDL,FlashBP,JFlash,GDBFULL 
 
* JLink Info: TotalIRLen = 9, IRPrint = 0x0011
* JLink Info: TotalIRLen = 9, IRPrint = 0x0011
* JLink Info: Found Cortex-M3 r1p1, Little endian.
* JLink Info: FPUnit: 6 code (BP) slots and 2 literal slots
* JLink Info: TPIU fitted.
ROMTableAddr = 0xE00FF003
 
Target info:
------------
Device: STM32F103C8
VTarget = 3.287V
State of Pins: 
TCK: 1, TDI: 0, TDO: 1, TMS: 0, TRES: 1, TRST: 1
Hardware-Breakpoints: 6
Software-Breakpoints: 8192
Watchpoints:          4
JTAG speed: 2000 kHz
 
Full Chip Erase Done.
Programming Done.
Verify OK.
Application running ...
compiling main.c...
"..\usr\main.c" - 0 Error(s), 0 Warning(s).
ts: 8192
Watchpoints:          4
JTAG speed: 2000 kHz
 
Full Chip Erase Done.
Programming Done.
Verify OK.
Application running ...
compiling main.c...
"..\usr\main.c" - 0 Error(s), 0 Warning(s).
t line of file ends without a newline
                
..\usr\esp8266.c: 1 warning, 0 errors
"..\usr\esp8266.c" - 0 Error(s), 1 Warning(s).
s).
      
..\usr\esp8266.c: 1 warning, 2 errors
"..\usr\esp8266.c" - 2 Error(s), 1 Warning(s).
compiling esp8266.c...
..\usr\esp8266.c(718): warning:  #1-D: last line of file ends without a newline
                
..\usr\esp8266.c: 1 warning, 0 errors
"..\usr\esp8266.c" - 0 Error(s), 1 Warning(s).
sp8266.c(46): warning:  #940-D: missing return statement at end of non-void function "recvString2"
                }
..\usr\esp8266.c(54): warning:  #940-D: missing return statement at end of non-void function "recvString3"
                }
..\usr\esp8266.c(75): warning:  #940-D: missing return statement at end of non-void function "recvFindAndFilter"
                }
..\usr\esp8266.c(89): warning:  #940-D: missing return statement at end of non-void function "recvPkg"
                }
..\usr\esp8266.c(701): warning:  #1-D: last line of file ends without a newline
                
..\usr\esp8266.c: 5 warnings, 0 errors
"..\usr\esp8266.c" - 0 Error(s), 5 Warning(s).
ed.
ROMTableAddr = 0xE00FF003
 
Target info:
------------
Device: STM32F103C8
VTarget = 3.287V
State of Pins: 
TCK: 1, TDI: 0, TDO: 1, TMS: 0, TRES: 1, TRST: 1
Hardware-Breakpoints: 6
Software-Breakpoints: 8192
Watchpoints:          4
JTAG speed: 2000 kHz
 
Full Chip Erase Done.
Programming Done.
Verify OK.
Application running ...
compiling esp8266.c...
..\usr\esp8266.c(43): warning:  #940-D: missing return statement at end of non-void function "recvString2"
                }
..\usr\esp8266.c(51): warning:  #940-D: missing return statement at end of non-void function "recvString3"
                }
..\usr\esp8266.c(72): warning:  #940-D: missing return statement at end of non-void function "recvFindAndFilter"
                }
..\usr\esp8266.c(86): warning:  #940-D: missing return statement at end of non-void function "recvPkg"
                }
..\usr\esp8266.c(698): warning:  #1-D: last line of file ends without a newline
                
..\usr\esp8266.c: 5 warnings, 0 errors
"..\usr\esp8266.c" - 0 Error(s), 5 Warning(s).
