Product: MDK-ARM Standard 5.10
Component: ARM Compiler 5.04 update 1 (build 49)
Tool: armlink [5040049]

==============================================================================

Section Cross References

    main.o(.text) refers to stm32f10x_rcc.o(.text) for RCC_APB2PeriphClockCmd
    main.o(.text) refers to stm32f10x_gpio.o(.text) for GPIO_Init
    main.o(.text) refers to system_stm32f10x.o(.text) for SystemInit
    main.o(.text) refers to usart.o(.text) for Usart_Configuration
    main.o(.text) refers to time.o(.text) for TIM3_Init
    main.o(.text) refers to esp8266.o(.text) for setEcho
    main.o(.text) refers to nrf24l01.o(.text) for NRF24L01_Init
    main.o(.text) refers to delay.o(.text) for delay_s
    main.o(.text) refers to noretval__2printf.o(.text) for __2printf
    main.o(.text) refers to usart.o(.data) for USARTNum
    delay.o(.text) refers to stm32f10x_rcc.o(.text) for RCC_DeInit
    usart.o(.rev16_text) refers (Special) to use_no_semi_2.o(.text) for __use_no_semihosting
    usart.o(.revsh_text) refers (Special) to use_no_semi_2.o(.text) for __use_no_semihosting
    usart.o(.text) refers (Special) to use_no_semi_2.o(.text) for __use_no_semihosting
    usart.o(.text) refers to stm32f10x_rcc.o(.text) for RCC_APB2PeriphClockCmd
    usart.o(.text) refers to stm32f10x_gpio.o(.text) for GPIO_Init
    usart.o(.text) refers to stm32f10x_usart.o(.text) for USART_ITConfig
    usart.o(.text) refers to misc.o(.text) for NVIC_PriorityGroupConfig
    usart.o(.text) refers to usart.o(.bss) for USART1Buffer
    usart.o(.text) refers to usart.o(.data) for USARTNum
    usart.o(.bss) refers (Special) to use_no_semi_2.o(.text) for __use_no_semihosting
    usart.o(.data) refers (Special) to use_no_semi_2.o(.text) for __use_no_semihosting
    esp8266.o(.text) refers to _printf_percent.o(.ARM.Collect$$_printf_percent$$00000000) for _printf_percent
    esp8266.o(.text) refers to _printf_d.o(.ARM.Collect$$_printf_percent$$00000009) for _printf_d
    esp8266.o(.text) refers to _printf_dec.o(.text) for _printf_int_dec
    esp8266.o(.text) refers to usart.o(.text) for InitQueue
    esp8266.o(.text) refers to time.o(.text) for initTimeCount
    esp8266.o(.text) refers to strcat.o(.text) for strcat
    esp8266.o(.text) refers to strstr.o(.text) for strstr
    esp8266.o(.text) refers to strlen.o(.text) for strlen
    esp8266.o(.text) refers to strcpy.o(.text) for strcpy
    esp8266.o(.text) refers to noretval__2printf.o(.text) for __2printf
    esp8266.o(.text) refers to usart.o(.bss) for USART1Buffer
    esp8266.o(.text) refers to esp8266.o(.bss) for data
    esp8266.o(.text) refers to time.o(.data) for time_s
    esp8266.o(.text) refers to usart.o(.data) for USARTNum
    esp8266.o(.text) refers to delay.o(.text) for delay_s
    time.o(.text) refers to stm32f10x_rcc.o(.text) for RCC_APB1PeriphClockCmd
    time.o(.text) refers to stm32f10x_tim.o(.text) for TIM_ClearITPendingBit
    time.o(.text) refers to misc.o(.text) for NVIC_PriorityGroupConfig
    time.o(.text) refers to time.o(.data) for time_s
    nrf24l01.o(.text) refers to stm32f10x_rcc.o(.text) for RCC_APB1PeriphClockCmd
    nrf24l01.o(.text) refers to stm32f10x_gpio.o(.text) for GPIO_Init
    nrf24l01.o(.text) refers to stm32f10x_spi.o(.text) for SPI_I2S_DeInit
    nrf24l01.o(.text) refers to exti.o(.text) for EXTI_Config
    nrf24l01.o(.text) refers to nrf24l01.o(.constdata) for RX_ADDRESS
    nrf24l01.o(.text) refers to delay.o(.text) for delay_us
    exti.o(.text) refers to _printf_percent.o(.ARM.Collect$$_printf_percent$$00000000) for _printf_percent
    exti.o(.text) refers to _printf_s.o(.ARM.Collect$$_printf_percent$$00000014) for _printf_s
    exti.o(.text) refers to _printf_str.o(.text) for _printf_str
    exti.o(.text) refers to stm32f10x_rcc.o(.text) for RCC_APB2PeriphClockCmd
    exti.o(.text) refers to stm32f10x_gpio.o(.text) for GPIO_Init
    exti.o(.text) refers to stm32f10x_exti.o(.text) for EXTI_ClearITPendingBit
    exti.o(.text) refers to misc.o(.text) for NVIC_PriorityGroupConfig
    exti.o(.text) refers to nrf24l01.o(.text) for NRF24L01_RxPacket
    exti.o(.text) refers to noretval__2printf.o(.text) for __2printf
    exti.o(.text) refers to usart.o(.data) for USARTNum
    exti.o(.text) refers to exti.o(.bss) for dataBuffer
    startup_stm32f10x_md.o(STACK) refers (Special) to heapauxi.o(.text) for __use_two_region_memory
    startup_stm32f10x_md.o(HEAP) refers (Special) to heapauxi.o(.text) for __use_two_region_memory
    startup_stm32f10x_md.o(RESET) refers (Special) to heapauxi.o(.text) for __use_two_region_memory
    startup_stm32f10x_md.o(RESET) refers to startup_stm32f10x_md.o(STACK) for __initial_sp
    startup_stm32f10x_md.o(RESET) refers to startup_stm32f10x_md.o(.text) for Reset_Handler
    startup_stm32f10x_md.o(RESET) refers to exti.o(.text) for EXTI0_IRQHandler
    startup_stm32f10x_md.o(RESET) refers to time.o(.text) for TIM3_IRQHandler
    startup_stm32f10x_md.o(RESET) refers to usart.o(.text) for USART1_IRQHandler
[...]
    libinit.o(.ARM.Collect$$libinit$$00000000) refers (Special) to libinit2.o(.ARM.Collect$$libinit$$00000019) for __rt_lib_init_atexit_1
    libinit.o(.ARM.Collect$$libinit$$00000000) refers (Special) to libinit2.o(.ARM.Collect$$libinit$$0000001F) for __rt_lib_init_clock_1
    libinit.o(.ARM.Collect$$libinit$$00000000) refers (Special) to libinit2.o(.ARM.Collect$$libinit$$00000030) for __rt_lib_init_cpp_1
    libinit.o(.ARM.Collect$$libinit$$00000000) refers (Special) to libinit2.o(.ARM.Collect$$libinit$$0000002E) for __rt_lib_init_exceptions_1
    libinit.o(.ARM.Collect$$libinit$$00000000) refers (Special) to libinit2.o(.ARM.Collect$$libinit$$00000002) for __rt_lib_init_fp_1
    libinit.o(.ARM.Collect$$libinit$$00000000) refers (Special) to libinit2.o(.ARM.Collect$$libinit$$0000001D) for __rt_lib_init_fp_trap_1
    libinit.o(.ARM.Collect$$libinit$$00000000) refers (Special) to libinit2.o(.ARM.Collect$$libinit$$00000021) for __rt_lib_init_getenv_1
    libinit.o(.ARM.Collect$$libinit$$00000000) refers (Special) to libinit2.o(.ARM.Collect$$libinit$$00000008) for __rt_lib_init_heap_1
    libinit.o(.ARM.Collect$$libinit$$00000000) refers (Special) to libinit2.o(.ARM.Collect$$libinit$$0000000F) for __rt_lib_init_lc_collate_1
    libinit.o(.ARM.Collect$$libinit$$00000000) refers (Special) to libinit2.o(.ARM.Collect$$libinit$$00000011) for __rt_lib_init_lc_ctype_1
    libinit.o(.ARM.Collect$$libinit$$00000000) refers (Special) to libinit2.o(.ARM.Collect$$libinit$$00000013) for __rt_lib_init_lc_monetary_1
    libinit.o(.ARM.Collect$$libinit$$00000000) refers (Special) to libinit2.o(.ARM.Collect$$libinit$$00000015) for __rt_lib_init_lc_numeric_1
    libinit.o(.ARM.Collect$$libinit$$00000000) refers (Special) to libinit2.o(.ARM.Collect$$libinit$$00000017) for __rt_lib_init_lc_time_1
    libinit.o(.ARM.Collect$$libinit$$00000000) refers (Special) to libinit2.o(.ARM.Collect$$libinit$$0000000C) for __rt_lib_init_rand_1
    libinit.o(.ARM.Collect$$libinit$$00000000) refers (Special) to libinit2.o(.ARM.Collect$$libinit$$00000031) for __rt_lib_init_return
    libinit.o(.ARM.Collect$$libinit$$00000000) refers (Special) to libinit2.o(.ARM.Collect$$libinit$$0000001B) for __rt_lib_init_signal_1
    libinit.o(.ARM.Collect$$libinit$$00000000) refers (Special) to libinit2.o(.ARM.Collect$$libinit$$00000023) for __rt_lib_init_stdio_1
    libinit.o(.ARM.Collect$$libinit$$00000000) refers (Special) to libinit2.o(.ARM.Collect$$libinit$$0000000A) for __rt_lib_init_user_alloc_1
    libspace.o(.text) refers to libspace.o(.bss) for __libspace_start
    rtexit.o(.ARM.Collect$$rtexit$$00000000) refers (Special) to rtexit2.o(.ARM.Collect$$rtexit$$00000004) for __rt_exit_exit
    rtexit.o(.ARM.Collect$$rtexit$$00000000) refers (Special) to rtexit2.o(.ARM.Collect$$rtexit$$00000003) for __rt_exit_ls
    rtexit.o(.ARM.Collect$$rtexit$$00000000) refers (Special) to rtexit2.o(.ARM.Collect$$rtexit$$00000002) for __rt_exit_prels_1
    rtexit.o(.ARM.exidx) refers (Special) to rtexit2.o(.ARM.Collect$$rtexit$$00000004) for __rt_exit_exit
    rtexit.o(.ARM.exidx) refers (Special) to rtexit2.o(.ARM.Collect$$rtexit$$00000003) for __rt_exit_ls
    rtexit.o(.ARM.exidx) refers (Special) to rtexit2.o(.ARM.Collect$$rtexit$$00000002) for __rt_exit_prels_1
    rtexit.o(.ARM.exidx) refers to rtexit.o(.ARM.Collect$$rtexit$$00000000) for .ARM.Collect$$rtexit$$00000000
    libinit2.o(.ARM.Collect$$libinit$$0000000E) refers to libinit2.o(.ARM.Collect$$libinit$$0000000D) for .ARM.Collect$$libinit$$0000000D
    libinit2.o(.ARM.Collect$$libinit$$00000010) refers to libinit2.o(.ARM.Collect$$libinit$$0000000D) for .ARM.Collect$$libinit$$0000000D
    libinit2.o(.ARM.Collect$$libinit$$00000012) refers to libinit2.o(.ARM.Collect$$libinit$$0000000D) for .ARM.Collect$$libinit$$0000000D
    libinit2.o(.ARM.Collect$$libinit$$00000014) refers to libinit2.o(.ARM.Collect$$libinit$$0000000D) for .ARM.Collect$$libinit$$0000000D
    libinit2.o(.ARM.Collect$$libinit$$00000016) refers to libinit2.o(.ARM.Collect$$libinit$$0000000D) for .ARM.Collect$$libinit$$0000000D
    libinit2.o(.ARM.Collect$$libinit$$00000024) refers to argv_veneer.o(.emb_text) for __ARM_argv_veneer
    libinit2.o(.ARM.Collect$$libinit$$00000025) refers to argv_veneer.o(.emb_text) for __ARM_argv_veneer
    rtexit2.o(.ARM.Collect$$rtexit$$00000003) refers to libshutdown.o(.ARM.Collect$$libshutdown$$00000000) for __rt_lib_shutdown
    rtexit2.o(.ARM.Collect$$rtexit$$00000004) refers to usart.o(.text) for _sys_exit
    rtexit2.o(.ARM.exidx) refers to rtexit2.o(.ARM.Collect$$rtexit$$00000001) for .ARM.Collect$$rtexit$$00000001
    rtexit2.o(.ARM.exidx) refers to rtexit2.o(.ARM.Collect$$rtexit$$00000003) for .ARM.Collect$$rtexit$$00000003
    rtexit2.o(.ARM.exidx) refers to rtexit2.o(.ARM.Collect$$rtexit$$00000004) for .ARM.Collect$$rtexit$$00000004
    argv_veneer.o(.emb_text) refers to no_argv.o(.text) for __ARM_get_argv
    _get_argv_nomalloc.o(.text) refers (Special) to hrguard.o(.text) for __heap_region$guard
    _get_argv_nomalloc.o(.text) refers to defsig_rtmem_outer.o(.text) for __rt_SIGRTMEM
    _get_argv_nomalloc.o(.text) refers to sys_command.o(.text) for _sys_command_string
    libshutdown.o(.ARM.Collect$$libshutdown$$00000000) refers (Special) to libshutdown2.o(.ARM.Collect$$libshutdown$$00000006) for __rt_lib_shutdown_fp_trap_1
    libshutdown.o(.ARM.Collect$$libshutdown$$00000000) refers (Special) to libshutdown2.o(.ARM.Collect$$libshutdown$$0000000E) for __rt_lib_shutdown_heap_1
    libshutdown.o(.ARM.Collect$$libshutdown$$00000000) refers (Special) to libshutdown2.o(.ARM.Collect$$libshutdown$$0000000F) for __rt_lib_shutdown_return
    libshutdown.o(.ARM.Collect$$libshutdown$$00000000) refers (Special) to libshutdown2.o(.ARM.Collect$$libshutdown$$00000009) for __rt_lib_shutdown_signal_1
    libshutdown.o(.ARM.Collect$$libshutdown$$00000000) refers (Special) to libshutdown2.o(.ARM.Collect$$libshutdown$$00000003) for __rt_lib_shutdown_stdio_1
    libshutdown.o(.ARM.Collect$$libshutdown$$00000000) refers (Special) to libshutdown2.o(.ARM.Collect$$libshutdown$$0000000B) for __rt_lib_shutdown_user_alloc_1
    sys_command.o(.text) refers (Special) to use_no_semi.o(.text) for __I$use$semihosting
    sys_command.o(.text) refers (Special) to indicate_semi.o(.text) for __semihosting_library_function
    defsig_rtmem_outer.o(.text) refers to defsig_rtmem_inner.o(.text) for __rt_SIGRTMEM_inner
    defsig_rtmem_outer.o(.text) refers to defsig_exit.o(.text) for __sig_exit
    defsig_rtmem_formal.o(.text) refers to rt_raise.o(.text) for __rt_raise
    rt_raise.o(.text) refers to __raise.o(.text) for __raise
    rt_raise.o(.text) refers to usart.o(.text) for _sys_exit
    defsig_exit.o(.text) refers to usart.o(.text) for _sys_exit
    defsig_rtmem_inner.o(.text) refers to defsig_general.o(.text) for __default_signal_display
    __raise.o(.text) refers to defsig.o(CL$$defsig) for __default_signal_handler
    defsig_general.o(.text) refers to sys_wrch.o(.text) for _ttywrch
    sys_wrch.o(.text) refers (Special) to use_no_semi.o(.text) for __I$use$semihosting
    sys_wrch.o(.text) refers (Special) to indicate_semi.o(.text) for __semihosting_library_function
    defsig.o(CL$$defsig) refers to defsig_rtmem_inner.o(.text) for __rt_SIGRTMEM_inner
    defsig_abrt_inner.o(.text) refers to defsig_general.o(.text) for __default_signal_display
    defsig_fpe_inner.o(.text) refers to defsig_general.o(.text) for __default_signal_display
    defsig_rtred_inner.o(.text) refers to defsig_general.o(.text) for __default_signal_display
    defsig_stak_inner.o(.text) refers to defsig_general.o(.text) for __default_signal_display
    defsig_pvfn_inner.o(.text) refers to defsig_general.o(.text) for __default_signal_display
    defsig_cppl_inner.o(.text) refers to defsig_general.o(.text) for __default_signal_display
    defsig_segv_inner.o(.text) refers to defsig_general.o(.text) for __default_signal_display
    defsig_other.o(.text) refers to defsig_general.o(.text) for __default_signal_display


==============================================================================

Removing Unused input sections from the image.

    Removing main.o(.rev16_text), (4 bytes).
    Removing main.o(.revsh_text), (4 bytes).
    Removing main.o(.data), (16 bytes).
    Removing delay.o(.rev16_text), (4 bytes).
    Removing delay.o(.revsh_text), (4 bytes).
    Removing usart.o(.rev16_text), (4 bytes).
    Removing usart.o(.revsh_text), (4 bytes).
    Removing esp8266.o(.rev16_text), (4 bytes).
    Removing esp8266.o(.revsh_text), (4 bytes).
    Removing time.o(.rev16_text), (4 bytes).
    Removing time.o(.revsh_text), (4 bytes).
    Removing nrf24l01.o(.rev16_text), (4 bytes).
    Removing nrf24l01.o(.revsh_text), (4 bytes).
    Removing exti.o(.rev16_text), (4 bytes).
    Removing exti.o(.revsh_text), (4 bytes).
    Removing system_stm32f10x.o(.rev16_text), (4 bytes).
    Removing system_stm32f10x.o(.revsh_text), (4 bytes).
    Removing misc.o(.rev16_text), (4 bytes).
    Removing misc.o(.revsh_text), (4 bytes).
    Removing stm32f10x_gpio.o(.rev16_text), (4 bytes).
    Removing stm32f10x_gpio.o(.revsh_text), (4 bytes).
    Removing stm32f10x_rcc.o(.rev16_text), (4 bytes).
    Removing stm32f10x_rcc.o(.revsh_text), (4 bytes).
    Removing stm32f10x_spi.o(.rev16_text), (4 bytes).
    Removing stm32f10x_spi.o(.revsh_text), (4 bytes).
    Removing stm32f10x_tim.o(.rev16_text), (4 bytes).
    Removing stm32f10x_tim.o(.revsh_text), (4 bytes).
    Removing stm32f10x_usart.o(.rev16_text), (4 bytes).
    Removing stm32f10x_usart.o(.revsh_text), (4 bytes).
    Removing gpio_stm32f10x.o(.rev16_text), (4 bytes).
    Removing gpio_stm32f10x.o(.revsh_text), (4 bytes).
    Removing gpio_stm32f10x.o(.text), (492 bytes).
    Removing stm32f10x_exti.o(.rev16_text), (4 bytes).
    Removing stm32f10x_exti.o(.revsh_text), (4 bytes).

34 unused section(s) (total 636 bytes) removed from the image.

==============================================================================

Image Symbol Table

    Local Symbols

    Symbol Name                              Value     Ov Type        Size  Object(Section)

    ../clib/angel/boardlib.s                 0x00000000   Number         0  boardinit1.o ABSOLUTE
    ../clib/angel/boardlib.s                 0x00000000   Number         0  boardinit2.o ABSOLUTE
    ../clib/angel/boardlib.s                 0x00000000   Number         0  boardinit3.o ABSOLUTE
    ../clib/angel/boardlib.s                 0x00000000   Number         0  boardshut.o ABSOLUTE
    ../clib/angel/handlers.s                 0x00000000   Number         0  __scatter_copy.o ABSOLUTE
    ../clib/angel/handlers.s                 0x00000000   Number         0  __scatter_zi.o ABSOLUTE
    ../clib/angel/kernel.s                   0x00000000   Number         0  rtentry2.o ABSOLUTE
    ../clib/angel/kernel.s                   0x00000000   Number         0  rtentry4.o ABSOLUTE
    ../clib/angel/kernel.s                   0x00000000   Number         0  rtexit.o ABSOLUTE
    ../clib/angel/kernel.s                   0x00000000   Number         0  rtentry.o ABSOLUTE
    ../clib/angel/kernel.s                   0x00000000   Number         0  rtexit2.o ABSOLUTE
    ../clib/angel/rt.s                       0x00000000   Number         0  rt_raise.o ABSOLUTE
    ../clib/angel/scatter.s                  0x00000000   Number         0  __scatter.o ABSOLUTE
    ../clib/angel/startup.s                  0x00000000   Number         0  __main.o ABSOLUTE
    ../clib/angel/sys.s                      0x00000000   Number         0  indicate_semi.o ABSOLUTE
    ../clib/angel/sys.s                      0x00000000   Number         0  use_no_semi.o ABSOLUTE
    ../clib/angel/sys.s                      0x00000000   Number         0  sys_stackheap_outer.o ABSOLUTE
    ../clib/angel/sys.s                      0x00000000   Number         0  use_no_semi_2.o ABSOLUTE
    ../clib/angel/sys.s                      0x00000000   Number         0  libspace.o ABSOLUTE
    ../clib/angel/sysapp.c                   0x00000000   Number         0  sys_command.o ABSOLUTE
    ../clib/angel/sysapp.c                   0x00000000   Number         0  sys_wrch.o ABSOLUTE
    ../clib/armsys.c                         0x00000000   Number         0  no_argv.o ABSOLUTE
    ../clib/armsys.c                         0x00000000   Number         0  _get_argv_nomalloc.o ABSOLUTE
    ../clib/armsys.c                         0x00000000   Number         0  argv_veneer.o ABSOLUTE
    ../clib/armsys.c                         0x00000000   Number         0  argv_veneer.o ABSOLUTE
    ../clib/heapalloc.c                      0x00000000   Number         0  hrguard.o ABSOLUTE
    ../clib/heapaux.c                        0x00000000   Number         0  heapauxi.o ABSOLUTE
    ../clib/libinit.s                        0x00000000   Number         0  libshutdown2.o ABSOLUTE
    ../clib/libinit.s                        0x00000000   Number         0  libshutdown.o ABSOLUTE
    ../clib/libinit.s                        0x00000000   Number         0  libinit.o ABSOLUTE
    ../clib/libinit.s                        0x00000000   Number         0  libinit2.o ABSOLUTE
    ../clib/printf.c                         0x00000000   Number         0  _printf_dec.o ABSOLUTE
    ../clib/printf.c                         0x00000000   Number         0  _printf_char_common.o ABSOLUTE
    ../clib/printf.c                         0x00000000   Number         0  _printf_intcommon.o ABSOLUTE
    ../clib/printf.c                         0x00000000   Number         0  _printf_char.o ABSOLUTE
    ../clib/printf.c                         0x00000000   Number         0  __printf.o ABSOLUTE
    ../clib/printf.c                         0x00000000   Number         0  _printf_char_file.o ABSOLUTE
    ../clib/printf.c                         0x00000000   Number         0  __printf_ss.o ABSOLUTE
    ../clib/printf.c                         0x00000000   Number         0  __printf_flags_ss_wp.o ABSOLUTE
    ../clib/printf.c                         0x00000000   Number         0  __printf_ss_wp.o ABSOLUTE
    ../clib/printf.c                         0x00000000   Number         0  __printf_flags_wp.o ABSOLUTE
    ../clib/printf.c                         0x00000000   Number         0  __printf_wp.o ABSOLUTE
    ../clib/printf.c                         0x00000000   Number         0  __printf_flags_ss.o ABSOLUTE
    ../clib/printf.c                         0x00000000   Number         0  _printf_str.o ABSOLUTE
    ../clib/printf.c                         0x00000000   Number         0  noretval__2printf.o ABSOLUTE
    ../clib/printf.c                         0x00000000   Number         0  __printf_flags.o ABSOLUTE
    ../clib/printf.c                         0x00000000   Number         0  __2printf.o ABSOLUTE
    ../clib/printf.c                         0x00000000   Number         0  __printf_nopercent.o ABSOLUTE
    ../clib/printf_percent.s                 0x00000000   Number         0  _printf_percent_end.o ABSOLUTE
    ../clib/printf_percent.s                 0x00000000   Number         0  _printf_d.o ABSOLUTE
    ../clib/printf_percent.s                 0x00000000   Number         0  _printf_percent.o ABSOLUTE
    ../clib/printf_percent.s                 0x00000000   Number         0  _printf_s.o ABSOLUTE
    ../clib/signal.c                         0x00000000   Number         0  defsig_rtmem_outer.o ABSOLUTE
    ../clib/signal.c                         0x00000000   Number         0  defsig_rtmem_formal.o ABSOLUTE
    ../clib/signal.c                         0x00000000   Number         0  defsig_exit.o ABSOLUTE
    ../clib/signal.c                         0x00000000   Number         0  defsig_rtmem_inner.o ABSOLUTE
    ../clib/signal.c                         0x00000000   Number         0  defsig_general.o ABSOLUTE
    ../clib/signal.c                         0x00000000   Number         0  defsig_abrt_inner.o ABSOLUTE
    ../clib/signal.c                         0x00000000   Number         0  defsig_fpe_inner.o ABSOLUTE
    ../clib/signal.c                         0x00000000   Number         0  defsig_rtred_inner.o ABSOLUTE
    ../clib/signal.c                         0x00000000   Number         0  defsig_stak_inner.o ABSOLUTE
    ../clib/signal.c                         0x00000000   Number         0  defsig_pvfn_inner.o ABSOLUTE
    ../clib/signal.c                         0x00000000   Number         0  defsig_cppl_inner.o ABSOLUTE
    ../clib/signal.c                         0x00000000   Number         0  defsig_segv_inner.o ABSOLUTE
    ../clib/signal.c                         0x00000000   Number         0  defsig_other.o ABSOLUTE
    ../clib/signal.c                         0x00000000   Number         0  __raise.o ABSOLUTE
    ../clib/signal.s                         0x00000000   Number         0  defsig.o ABSOLUTE
    ../clib/stdio.c                          0x00000000   Number         0  ferror.o ABSOLUTE
    ../clib/stdio.c                          0x00000000   Number         0  ferror_locked.o ABSOLUTE
    ../clib/stdlib.c                         0x00000000   Number         0  exit.o ABSOLUTE
    ../clib/string.c                         0x00000000   Number         0  strlen.o ABSOLUTE
    ../clib/string.c                         0x00000000   Number         0  strcpy.o ABSOLUTE
    ../clib/string.c                         0x00000000   Number         0  strcat.o ABSOLUTE
    ../clib/string.c                         0x00000000   Number         0  strstr.o ABSOLUTE
    ../fplib/fpinit.s                        0x00000000   Number         0  fpinit.o ABSOLUTE
    ..\\usr\\EXTI.c                          0x00000000   Number         0  exti.o ABSOLUTE
    ..\\usr\\delay.c                         0x00000000   Number         0  delay.o ABSOLUTE
    ..\\usr\\esp8266.c                       0x00000000   Number         0  esp8266.o ABSOLUTE
    ..\\usr\\main.c                          0x00000000   Number         0  main.o ABSOLUTE
    ..\\usr\\nrf24l01.c                      0x00000000   Number         0  nrf24l01.o ABSOLUTE
    ..\\usr\\time.c                          0x00000000   Number         0  time.o ABSOLUTE
    ..\\usr\\usart.c                         0x00000000   Number         0  usart.o ABSOLUTE
    ..\usr\EXTI.c                            0x00000000   Number         0  exti.o ABSOLUTE
    ..\usr\delay.c                           0x00000000   Number         0  delay.o ABSOLUTE
    ..\usr\esp8266.c                         0x00000000   Number         0  esp8266.o ABSOLUTE
    ..\usr\main.c                            0x00000000   Number         0  main.o ABSOLUTE
    ..\usr\nrf24l01.c                        0x00000000   Number         0  nrf24l01.o ABSOLUTE
    ..\usr\time.c                            0x00000000   Number         0  time.o ABSOLUTE
    ..\usr\usart.c                           0x00000000   Number         0  usart.o ABSOLUTE
    C:\Keil_v5\ARM\PACK\Keil\STM32F1xx_DFP\1.1.0\Device\StdPeriph_Driver\src\misc.c 0x00000000   Number         0  misc.o ABSOLUTE
    C:\Keil_v5\ARM\PACK\Keil\STM32F1xx_DFP\1.1.0\Device\StdPeriph_Driver\src\stm32f10x_exti.c 0x00000000   Number         0  stm32f10x_exti.o ABSOLUTE
    C:\Keil_v5\ARM\PACK\Keil\STM32F1xx_DFP\1.1.0\Device\StdPeriph_Driver\src\stm32f10x_gpio.c 0x00000000   Number         0  stm32f10x_gpio.o ABSOLUTE
    C:\Keil_v5\ARM\PACK\Keil\STM32F1xx_DFP\1.1.0\Device\StdPeriph_Driver\src\stm32f10x_rcc.c 0x00000000   Number         0  stm32f10x_rcc.o ABSOLUTE
    C:\Keil_v5\ARM\PACK\Keil\STM32F1xx_DFP\1.1.0\Device\StdPeriph_Driver\src\stm32f10x_spi.c 0x00000000   Number         0  stm32f10x_spi.o ABSOLUTE
    C:\Keil_v5\ARM\PACK\Keil\STM32F1xx_DFP\1.1.0\Device\StdPeriph_Driver\src\stm32f10x_tim.c 0x00000000   Number         0  stm32f10x_tim.o ABSOLUTE
    C:\Keil_v5\ARM\PACK\Keil\STM32F1xx_DFP\1.1.0\Device\StdPeriph_Driver\src\stm32f10x_usart.c 0x00000000   Number         0  stm32f10x_usart.o ABSOLUTE
    C:\Keil_v5\ARM\PACK\Keil\STM32F1xx_DFP\1.1.0\RTE_Driver\GPIO_STM32F10x.c 0x00000000   Number         0  gpio_stm32f10x.o ABSOLUTE
    C:\\Keil_v5\\ARM\\PACK\\Keil\\STM32F1xx_DFP\\1.1.0\\Device\\StdPeriph_Driver\\src\\misc.c 0x00000000   Number         0  misc.o ABSOLUTE
    C:\\Keil_v5\\ARM\\PACK\\Keil\\STM32F1xx_DFP\\1.1.0\\Device\\StdPeriph_Driver\\src\\stm32f10x_exti.c 0x00000000   Number         0  stm32f10x_exti.o ABSOLUTE
    C:\\Keil_v5\\ARM\\PACK\\Keil\\STM32F1xx_DFP\\1.1.0\\Device\\StdPeriph_Driver\\src\\stm32f10x_gpio.c 0x00000000   Number         0  stm32f10x_gpio.o ABSOLUTE
    C:\\Keil_v5\\ARM\\PACK\\Keil\\STM32F1xx_DFP\\1.1.0\\Device\\StdPeriph_Driver\\src\\stm32f10x_rcc.c 0x00000000   Number         0  stm32f10x_rcc.o ABSOLUTE
    C:\\Keil_v5\\ARM\\PACK\\Keil\\STM32F1xx_DFP\\1.1.0\\Device\\StdPeriph_Driver\\src\\stm32f10x_spi.c 0x00000000   Number         0  stm32f10x_spi.o ABSOLUTE
    C:\\Keil_v5\\ARM\\PACK\\Keil\\STM32F1xx_DFP\\1.1.0\\Device\\StdPeriph_Driver\\src\\stm32f10x_tim.c 0x00000000   Number         0  stm32f10x_tim.o ABSOLUTE
    C:\\Keil_v5\\ARM\\PACK\\Keil\\STM32F1xx_DFP\\1.1.0\\Device\\StdPeriph_Driver\\src\\stm32f10x_usart.c 0x00000000   Number         0  stm32f10x_usart.o ABSOLUTE
    C:\\Keil_v5\\ARM\\PACK\\Keil\\STM32F1xx_DFP\\1.1.0\\RTE_Driver\\GPIO_STM32F10x.c 0x00000000   Number         0  gpio_stm32f10x.o ABSOLUTE
    RTE\Device\STM32F103C8\startup_stm32f10x_md.s 0x00000000   Number         0  startup_stm32f10x_md.o ABSOLUTE
    RTE\Device\STM32F103C8\system_stm32f10x.c 0x00000000   Number         0  system_stm32f10x.o ABSOLUTE
    RTE\\Device\\STM32F103C8\\system_stm32f10x.c 0x00000000   Number         0  system_stm32f10x.o ABSOLUTE
    dc.s                                     0x00000000   Number         0  dc.o ABSOLUTE
    RESET                                    0x08000000   Section      236  startup_stm32f10x_md.o(RESET)
    !!!main                                  0x080000ec   Section        8  __main.o(!!!main)
    !!!scatter                               0x080000f4   Section       52  __scatter.o(!!!scatter)
    !!handler_copy                           0x08000128   Section       26  __scatter_copy.o(!!handler_copy)
    !!handler_zi                             0x08000144   Section       28  __scatter_zi.o(!!handler_zi)
    .ARM.Collect$$_printf_percent$$00000000  0x08000160   Section        0  _printf_percent.o(.ARM.Collect$$_printf_percent$$00000000)
    .ARM.Collect$$_printf_percent$$00000009  0x08000160   Section        6  _printf_d.o(.ARM.Collect$$_printf_percent$$00000009)
    .ARM.Collect$$_printf_percent$$00000014  0x08000166   Section        6  _printf_s.o(.ARM.Collect$$_printf_percent$$00000014)
    .ARM.Collect$$_printf_percent$$00000017  0x0800016c   Section        4  _printf_percent_end.o(.ARM.Collect$$_printf_percent$$00000017)
    .ARM.Collect$$libinit$$00000000          0x08000170   Section        2  libinit.o(.ARM.Collect$$libinit$$00000000)
    .ARM.Collect$$libinit$$00000002          0x08000172   Section        0  libinit2.o(.ARM.Collect$$libinit$$00000002)
    .ARM.Collect$$libinit$$00000008          0x08000172   Section        0  libinit2.o(.ARM.Collect$$libinit$$00000008)
    .ARM.Collect$$libinit$$0000000A          0x08000172   Section        0  libinit2.o(.ARM.Collect$$libinit$$0000000A)
    .ARM.Collect$$libinit$$0000000C          0x08000172   Section        0  libinit2.o(.ARM.Collect$$libinit$$0000000C)
    .ARM.Collect$$libinit$$0000000F          0x08000172   Section        0  libinit2.o(.ARM.Collect$$libinit$$0000000F)
    .ARM.Collect$$libinit$$00000011          0x08000172   Section        0  libinit2.o(.ARM.Collect$$libinit$$00000011)
    .ARM.Collect$$libinit$$00000013          0x08000172   Section        0  libinit2.o(.ARM.Collect$$libinit$$00000013)
    .ARM.Collect$$libinit$$00000015          0x08000172   Section        0  libinit2.o(.ARM.Collect$$libinit$$00000015)
    .ARM.Collect$$libinit$$00000017          0x08000172   Section        0  libinit2.o(.ARM.Collect$$libinit$$00000017)
    .ARM.Collect$$libinit$$00000019          0x08000172   Section        0  libinit2.o(.ARM.Collect$$libinit$$00000019)
    .ARM.Collect$$libinit$$0000001B          0x08000172   Section        0  libinit2.o(.ARM.Collect$$libinit$$0000001B)
    .ARM.Collect$$libinit$$0000001D          0x08000172   Section        0  libinit2.o(.ARM.Collect$$libinit$$0000001D)
    .ARM.Collect$$libinit$$0000001F          0x08000172   Section        0  libinit2.o(.ARM.Collect$$libinit$$0000001F)
    .ARM.Collect$$libinit$$00000021          0x08000172   Section        0  libinit2.o(.ARM.Collect$$libinit$$00000021)
    .ARM.Collect$$libinit$$00000023          0x08000172   Section        0  libinit2.o(.ARM.Collect$$libinit$$00000023)
    .ARM.Collect$$libinit$$0000002A          0x08000172   Section        0  libinit2.o(.ARM.Collect$$libinit$$0000002A)
    .ARM.Collect$$libinit$$0000002C          0x08000172   Section        0  libinit2.o(.ARM.Collect$$libinit$$0000002C)
    .ARM.Collect$$libinit$$0000002E          0x08000172   Section        0  libinit2.o(.ARM.Collect$$libinit$$0000002E)
    .ARM.Collect$$libinit$$00000030          0x08000172   Section        0  libinit2.o(.ARM.Collect$$libinit$$00000030)
    .ARM.Collect$$libinit$$00000031          0x08000172   Section        2  libinit2.o(.ARM.Collect$$libinit$$00000031)
    .ARM.Collect$$libshutdown$$00000000      0x08000174   Section        2  libshutdown.o(.ARM.Collect$$libshutdown$$00000000)
    .ARM.Collect$$libshutdown$$00000003      0x08000176   Section        0  libshutdown2.o(.ARM.Collect$$libshutdown$$00000003)
    .ARM.Collect$$libshutdown$$00000006      0x08000176   Section        0  libshutdown2.o(.ARM.Collect$$libshutdown$$00000006)
    .ARM.Collect$$libshutdown$$00000009      0x08000176   Section        0  libshutdown2.o(.ARM.Collect$$libshutdown$$00000009)
    .ARM.Collect$$libshutdown$$0000000B      0x08000176   Section        0  libshutdown2.o(.ARM.Collect$$libshutdown$$0000000B)
    .ARM.Collect$$libshutdown$$0000000E      0x08000176   Section        0  libshutdown2.o(.ARM.Collect$$libshutdown$$0000000E)
    .ARM.Collect$$libshutdown$$0000000F      0x08000176   Section        2  libshutdown2.o(.ARM.Collect$$libshutdown$$0000000F)
    .ARM.Collect$$rtentry$$00000000          0x08000178   Section        0  rtentry.o(.ARM.Collect$$rtentry$$00000000)
    .ARM.Collect$$rtentry$$00000002          0x08000178   Section        0  rtentry2.o(.ARM.Collect$$rtentry$$00000002)
    .ARM.Collect$$rtentry$$00000004          0x08000178   Section        6  rtentry4.o(.ARM.Collect$$rtentry$$00000004)
    .ARM.Collect$$rtentry$$00000009          0x0800017e   Section        0  rtentry2.o(.ARM.Collect$$rtentry$$00000009)
    .ARM.Collect$$rtentry$$0000000A          0x0800017e   Section        4  rtentry2.o(.ARM.Collect$$rtentry$$0000000A)
    .ARM.Collect$$rtentry$$0000000C          0x08000182   Section        0  rtentry2.o(.ARM.Collect$$rtentry$$0000000C)
    .ARM.Collect$$rtentry$$0000000D          0x08000182   Section        8  rtentry2.o(.ARM.Collect$$rtentry$$0000000D)
    .ARM.Collect$$rtexit$$00000000           0x0800018a   Section        2  rtexit.o(.ARM.Collect$$rtexit$$00000000)
    .ARM.Collect$$rtexit$$00000002           0x0800018c   Section        0  rtexit2.o(.ARM.Collect$$rtexit$$00000002)
    .ARM.Collect$$rtexit$$00000003           0x0800018c   Section        4  rtexit2.o(.ARM.Collect$$rtexit$$00000003)
    .ARM.Collect$$rtexit$$00000004           0x08000190   Section        6  rtexit2.o(.ARM.Collect$$rtexit$$00000004)
    .text                                    0x08000198   Section        0  main.o(.text)
    .text                                    0x08000258   Section        0  delay.o(.text)
    .text                                    0x08000378   Section        0  usart.o(.text)
    .text                                    0x08000678   Section        0  esp8266.o(.text)
    .text                                    0x08000cd4   Section        0  time.o(.text)
    .text                                    0x08000d98   Section        0  nrf24l01.o(.text)
    .text                                    0x08001220   Section        0  exti.o(.text)
    .text                                    0x080012f4   Section       64  startup_stm32f10x_md.o(.text)
    .text                                    0x08001334   Section        0  system_stm32f10x.o(.text)
    SetSysClockTo72                          0x08001335   Thumb Code   214  system_stm32f10x.o(.text)
    SetSysClock                              0x0800140b   Thumb Code     8  system_stm32f10x.o(.text)
    .text                                    0x08001514   Section        0  misc.o(.text)
    .text                                    0x080015f0   Section        0  stm32f10x_gpio.o(.text)
    .text                                    0x0800194c   Section        0  stm32f10x_rcc.o(.text)
    .text                                    0x08001cf0   Section        0  stm32f10x_spi.o(.text)
    .text                                    0x08001ffc   Section        0  stm32f10x_tim.o(.text)
    TI4_Config                               0x080024a3   Thumb Code   130  stm32f10x_tim.o(.text)
    TI3_Config                               0x08002537   Thumb Code   122  stm32f10x_tim.o(.text)
    TI2_Config                               0x080025cb   Thumb Code   130  stm32f10x_tim.o(.text)
    TI1_Config                               0x0800265f   Thumb Code   108  stm32f10x_tim.o(.text)
    .text                                    0x08002e18   Section        0  stm32f10x_usart.o(.text)
    .text                                    0x08003220   Section        0  stm32f10x_exti.o(.text)
    .text                                    0x0800333c   Section        2  use_no_semi_2.o(.text)
    .text                                    0x08003340   Section        0  noretval__2printf.o(.text)
    .text                                    0x08003358   Section        0  __printf.o(.text)
    .text                                    0x080033c0   Section        0  _printf_str.o(.text)
    .text                                    0x08003414   Section        0  _printf_dec.o(.text)
    .text                                    0x08003488   Section        0  strstr.o(.text)
    .text                                    0x080034ac   Section        0  strcpy.o(.text)
    .text                                    0x080034f4   Section        0  strlen.o(.text)
    .text                                    0x08003532   Section        0  strcat.o(.text)
    .text                                    0x0800354a   Section        0  heapauxi.o(.text)
    .text                                    0x08003550   Section        2  use_no_semi.o(.text)
    .text                                    0x08003552   Section        0  _printf_intcommon.o(.text)
    .text                                    0x08003604   Section        0  _printf_char.o(.text)
    .text                                    0x08003630   Section        0  _printf_char_file.o(.text)
    .text                                    0x08003654   Section        0  _printf_char_common.o(.text)
    _printf_input_char                       0x08003655   Thumb Code    10  _printf_char_common.o(.text)
    .text                                    0x08003684   Section        0  ferror.o(.text)
    .text                                    0x0800368c   Section       74  sys_stackheap_outer.o(.text)
    .text                                    0x080036d6   Section        0  exit.o(.text)
    .text                                    0x080036e4   Section        8  libspace.o(.text)
    .constdata                               0x080036ec   Section       10  nrf24l01.o(.constdata)
    .data                                    0x20000000   Section        8  usart.o(.data)
    .data                                    0x20000008   Section        4  time.o(.data)
    .data                                    0x2000000c   Section       20  system_stm32f10x.o(.data)
    .data                                    0x20000020   Section       20  stm32f10x_rcc.o(.data)
    APBAHBPrescTable                         0x20000020   Data          16  stm32f10x_rcc.o(.data)
    ADCPrescTable                            0x20000030   Data           4  stm32f10x_rcc.o(.data)
    .bss                                     0x20000034   Section       58  usart.o(.bss)
    .bss                                     0x2000006e   Section       51  esp8266.o(.bss)
    .bss                                     0x200000a1   Section       10  exti.o(.bss)
    .bss                                     0x200000ac   Section       96  libspace.o(.bss)
    HEAP                                     0x20000110   Section      512  startup_stm32f10x_md.o(HEAP)
    Heap_Mem                                 0x20000110   Data         512  startup_stm32f10x_md.o(HEAP)
    STACK                                    0x20000310   Section     1024  startup_stm32f10x_md.o(STACK)
    Stack_Mem                                0x20000310   Data        1024  startup_stm32f10x_md.o(STACK)
    __initial_sp                             0x20000710   Data           0  startup_stm32f10x_md.o(STACK)

    Global Symbols

    Symbol Name                              Value     Ov Type        Size  Object(Section)

    BuildAttributes$$THM_ISAv4$P$D$K$B$S$PE$A:L22UL41UL21$X:L11$S22US41US21$IEEE1$IW$USESV6$~STKCKD$USESV7$~SHL$OSPACE$ROPI$EBA8$UX$STANDARDLIB$REQ8$PRES8$EABIv2 0x00000000   Number         0  anon$$obj.o ABSOLUTE
    __ARM_use_no_argv                        0x00000000   Number         0  main.o ABSOLUTE
    __ARM_exceptions_init                     - Undefined Weak Reference
    __alloca_initialize                       - Undefined Weak Reference
    __cpp_initialize__aeabi_                  - Undefined Weak Reference
    __cxa_finalize                            - Undefined Weak Reference
    __rt_locale                               - Undefined Weak Reference
    __sigvec_lookup                           - Undefined Weak Reference
    _atexit_init                              - Undefined Weak Reference
    _call_atexit_fns                          - Undefined Weak Reference
    _clock_init                               - Undefined Weak Reference
    _fp_trap_init                             - Undefined Weak Reference
    _fp_trap_shutdown                         - Undefined Weak Reference
    _get_lc_collate                           - Undefined Weak Reference
    _get_lc_ctype                             - Undefined Weak Reference
    _get_lc_monetary                          - Undefined Weak Reference
    _get_lc_numeric                           - Undefined Weak Reference
    _get_lc_time                              - Undefined Weak Reference
    _getenv_init                              - Undefined Weak Reference
    _handle_redirection                       - Undefined Weak Reference
    _init_alloc                               - Undefined Weak Reference
    _init_user_alloc                          - Undefined Weak Reference
    _initio                                   - Undefined Weak Reference
    _mutex_acquire                            - Undefined Weak Reference
    _mutex_release                            - Undefined Weak Reference
    _printf_mbtowc                            - Undefined Weak Reference
    _printf_post_padding                      - Undefined Weak Reference
    _printf_pre_padding                       - Undefined Weak Reference
    _printf_truncate_signed                   - Undefined Weak Reference
    _printf_truncate_unsigned                 - Undefined Weak Reference
    _rand_init                                - Undefined Weak Reference
    _signal_finish                            - Undefined Weak Reference
    _signal_init                              - Undefined Weak Reference
    _terminate_alloc                          - Undefined Weak Reference
    _terminate_user_alloc                     - Undefined Weak Reference
    _terminateio                              - Undefined Weak Reference
    __Vectors_Size                           0x000000ec   Number         0  startup_stm32f10x_md.o ABSOLUTE
    __Vectors                                0x08000000   Data           4  startup_stm32f10x_md.o(RESET)
    __Vectors_End                            0x080000ec   Data           0  startup_stm32f10x_md.o(RESET)
    __main                                   0x080000ed   Thumb Code     8  __main.o(!!!main)
    __scatterload                            0x080000f5   Thumb Code     0  __scatter.o(!!!scatter)
    __scatterload_rt2                        0x080000f5   Thumb Code    44  __scatter.o(!!!scatter)
    __scatterload_rt2_thumb_only             0x080000f5   Thumb Code     0  __scatter.o(!!!scatter)
    __scatterload_null                       0x08000103   Thumb Code     0  __scatter.o(!!!scatter)
    __scatterload_copy                       0x08000129   Thumb Code    26  __scatter_copy.o(!!handler_copy)
    __scatterload_zeroinit                   0x08000145   Thumb Code    28  __scatter_zi.o(!!handler_zi)
    _printf_d                                0x08000161   Thumb Code     0  _printf_d.o(.ARM.Collect$$_printf_percent$$00000009)
    _printf_percent                          0x08000161   Thumb Code     0  _printf_percent.o(.ARM.Collect$$_printf_percent$$00000000)
    _printf_s                                0x08000167   Thumb Code     0  _printf_s.o(.ARM.Collect$$_printf_percent$$00000014)
    _printf_percent_end                      0x0800016d   Thumb Code     0  _printf_percent_end.o(.ARM.Collect$$_printf_percent$$00000017)
    __rt_lib_init                            0x08000171   Thumb Code     0  libinit.o(.ARM.Collect$$libinit$$00000000)
    __rt_lib_init_alloca_1                   0x08000173   Thumb Code     0  libinit2.o(.ARM.Collect$$libinit$$0000002C)
    __rt_lib_init_argv_1                     0x08000173   Thumb Code     0  libinit2.o(.ARM.Collect$$libinit$$0000002A)
    __rt_lib_init_atexit_1                   0x08000173   Thumb Code     0  libinit2.o(.ARM.Collect$$libinit$$00000019)
    __rt_lib_init_clock_1                    0x08000173   Thumb Code     0  libinit2.o(.ARM.Collect$$libinit$$0000001F)
    __rt_lib_init_cpp_1                      0x08000173   Thumb Code     0  libinit2.o(.ARM.Collect$$libinit$$00000030)
    __rt_lib_init_exceptions_1               0x08000173   Thumb Code     0  libinit2.o(.ARM.Collect$$libinit$$0000002E)
    __rt_lib_init_fp_1                       0x08000173   Thumb Code     0  libinit2.o(.ARM.Collect$$libinit$$00000002)
    __rt_lib_init_fp_trap_1                  0x08000173   Thumb Code     0  libinit2.o(.ARM.Collect$$libinit$$0000001D)
    __rt_lib_init_getenv_1                   0x08000173   Thumb Code     0  libinit2.o(.ARM.Collect$$libinit$$00000021)
    __rt_lib_init_heap_1                     0x08000173   Thumb Code     0  libinit2.o(.ARM.Collect$$libinit$$00000008)
    __rt_lib_init_lc_collate_1               0x08000173   Thumb Code     0  libinit2.o(.ARM.Collect$$libinit$$0000000F)
    __rt_lib_init_lc_ctype_1                 0x08000173   Thumb Code     0  libinit2.o(.ARM.Collect$$libinit$$00000011)
    __rt_lib_init_lc_monetary_1              0x08000173   Thumb Code     0  libinit2.o(.ARM.Collect$$libinit$$00000013)
    __rt_lib_init_lc_numeric_1               0x08000173   Thumb Code     0  libinit2.o(.ARM.Collect$$libinit$$00000015)
    __rt_lib_init_lc_time_1                  0x08000173   Thumb Code     0  libinit2.o(.ARM.Collect$$libinit$$00000017)
    __rt_lib_init_rand_1                     0x08000173   Thumb Code     0  libinit2.o(.ARM.Collect$$libinit$$0000000C)
    __rt_lib_init_return                     0x08000173   Thumb Code     0  libinit2.o(.ARM.Collect$$libinit$$00000031)
    __rt_lib_init_signal_1                   0x08000173   Thumb Code     0  libinit2.o(.ARM.Collect$$libinit$$0000001B)
    __rt_lib_init_stdio_1                    0x08000173   Thumb Code     0  libinit2.o(.ARM.Collect$$libinit$$00000023)
    __rt_lib_init_user_alloc_1               0x08000173   Thumb Code     0  libinit2.o(.ARM.Collect$$libinit$$0000000A)
    __rt_lib_shutdown                        0x08000175   Thumb Code     0  libshutdown.o(.ARM.Collect$$libshutdown$$00000000)
    __rt_lib_shutdown_fp_trap_1              0x08000177   Thumb Code     0  libshutdown2.o(.ARM.Collect$$libshutdown$$00000006)
    __rt_lib_shutdown_heap_1                 0x08000177   Thumb Code     0  libshutdown2.o(.ARM.Collect$$libshutdown$$0000000E)
    __rt_lib_shutdown_return                 0x08000177   Thumb Code     0  libshutdown2.o(.ARM.Collect$$libshutdown$$0000000F)
    __rt_lib_shutdown_signal_1               0x08000177   Thumb Code     0  libshutdown2.o(.ARM.Collect$$libshutdown$$00000009)
    __rt_lib_shutdown_stdio_1                0x08000177   Thumb Code     0  libshutdown2.o(.ARM.Collect$$libshutdown$$00000003)
    __rt_lib_shutdown_user_alloc_1           0x08000177   Thumb Code     0  libshutdown2.o(.ARM.Collect$$libshutdown$$0000000B)
    __rt_entry                               0x08000179   Thumb Code     0  rtentry.o(.ARM.Collect$$rtentry$$00000000)
    __rt_entry_presh_1                       0x08000179   Thumb Code     0  rtentry2.o(.ARM.Collect$$rtentry$$00000002)
    __rt_entry_sh                            0x08000179   Thumb Code     0  rtentry4.o(.ARM.Collect$$rtentry$$00000004)
    __rt_entry_li                            0x0800017f   Thumb Code     0  rtentry2.o(.ARM.Collect$$rtentry$$0000000A)
    __rt_entry_postsh_1                      0x0800017f   Thumb Code     0  rtentry2.o(.ARM.Collect$$rtentry$$00000009)
    __rt_entry_main                          0x08000183   Thumb Code     0  rtentry2.o(.ARM.Collect$$rtentry$$0000000D)
    __rt_entry_postli_1                      0x08000183   Thumb Code     0  rtentry2.o(.ARM.Collect$$rtentry$$0000000C)
    __rt_exit                                0x0800018b   Thumb Code     0  rtexit.o(.ARM.Collect$$rtexit$$00000000)
    __rt_exit_ls                             0x0800018d   Thumb Code     0  rtexit2.o(.ARM.Collect$$rtexit$$00000003)
    __rt_exit_prels_1                        0x0800018d   Thumb Code     0  rtexit2.o(.ARM.Collect$$rtexit$$00000002)
    __rt_exit_exit                           0x08000191   Thumb Code     0  rtexit2.o(.ARM.Collect$$rtexit$$00000004)
    GPIO_Init_Config                         0x08000199   Thumb Code    40  main.o(.text)
    init                                     0x080001c1   Thumb Code    40  main.o(.text)
    main                                     0x080001e9   Thumb Code    38  main.o(.text)
    RCC_HSE_Configuration                    0x08000259   Thumb Code    90  delay.o(.text)
    delay                                    0x080002b3   Thumb Code    10  delay.o(.text)
    delay_us                                 0x080002bd   Thumb Code    54  delay.o(.text)
    delay_ms                                 0x080002f3   Thumb Code    56  delay.o(.text)
    delay_s                                  0x0800032b   Thumb Code    72  delay.o(.text)
    InitQueue                                0x08000379   Thumb Code    28  usart.o(.text)
    GetQueueSize                             0x08000395   Thumb Code    24  usart.o(.text)
    Head                                     0x080003ad   Thumb Code    34  usart.o(.text)
    DelQueue                                 0x080003cf   Thumb Code    44  usart.o(.text)
    ERROverflow                              0x080003fb   Thumb Code    24  usart.o(.text)
    EnQueue                                  0x08000413   Thumb Code    64  usart.o(.text)
    Usart_Configuration                      0x08000453   Thumb Code   226  usart.o(.text)
    Usart_NVIC_Configuration                 0x08000535   Thumb Code    76  usart.o(.text)
    _sys_exit                                0x08000581   Thumb Code     6  usart.o(.text)
    fputc                                    0x08000587   Thumb Code    68  usart.o(.text)
    USART1_Putc                              0x080005cb   Thumb Code    22  usart.o(.text)
    USART1_Puts                              0x080005e1   Thumb Code    34  usart.o(.text)
    USART1_Send_Enter                        0x08000603   Thumb Code    16  usart.o(.text)
    USART1_IRQHandler                        0x08000613   Thumb Code    34  usart.o(.text)
    USART2_IRQHandler                        0x08000635   Thumb Code    48  usart.o(.text)
    rx_empty                                 0x08000679   Thumb Code    10  esp8266.o(.text)
    recvString                               0x08000683   Thumb Code   102  esp8266.o(.text)
    recvString2                              0x080006e9   Thumb Code   114  esp8266.o(.text)
    recvString3                              0x0800075b   Thumb Code   126  esp8266.o(.text)
    recvFind                                 0x080007d9   Thumb Code    34  esp8266.o(.text)
    recvFindAndFilter                        0x080007fb   Thumb Code   140  esp8266.o(.text)
    recvPkg                                  0x08000887   Thumb Code    10  esp8266.o(.text)
    eAT                                      0x08000891   Thumb Code    28  esp8266.o(.text)
    eATRST                                   0x080008ad   Thumb Code    28  esp8266.o(.text)
    eATGMR                                   0x080008c9   Thumb Code    38  esp8266.o(.text)
    eATGSLP                                  0x080008ef   Thumb Code    32  esp8266.o(.text)
    eATE                                     0x0800090f   Thumb Code    32  esp8266.o(.text)
    eATRESTORE                               0x0800092f   Thumb Code    28  esp8266.o(.text)
    eATSETUART                               0x0800094b   Thumb Code    94  esp8266.o(.text)
    qATCWMODE                                0x080009a9   Thumb Code    98  esp8266.o(.text)
    eATCWMODE                                0x08000a0b   Thumb Code    38  esp8266.o(.text)
    sATCWMODE                                0x08000a31   Thumb Code   392  esp8266.o(.text)
    qATCWJAP                                 0x08000bb9   Thumb Code   102  esp8266.o(.text)
    kick                                     0x08000c1f   Thumb Code     8  esp8266.o(.text)
    restart                                  0x08000c27   Thumb Code    54  esp8266.o(.text)
    getVersion                               0x08000c5d   Thumb Code    12  esp8266.o(.text)
    deepSleep                                0x08000c69   Thumb Code    12  esp8266.o(.text)
    setEcho                                  0x08000c75   Thumb Code    12  esp8266.o(.text)
    restore                                  0x08000c81   Thumb Code     8  esp8266.o(.text)
    setUart                                  0x08000c89   Thumb Code    16  esp8266.o(.text)
    setOprToStation                          0x08000c99   Thumb Code     4  esp8266.o(.text)
    recvMultipleModeComingmux_id             0x08000c9d   Thumb Code     8  esp8266.o(.text)
    TIM3_Init                                0x08000cd5   Thumb Code   108  time.o(.text)
    initTimeCount                            0x08000d41   Thumb Code    30  time.o(.text)
    TIM3_IRQHandler                          0x08000d5f   Thumb Code    46  time.o(.text)
    SPI2_SetSpeed                            0x08000d99   Thumb Code    86  nrf24l01.o(.text)
    SPI_ReadWriteByte                        0x08000def   Thumb Code    78  nrf24l01.o(.text)
    SPI2_Init                                0x08000e3d   Thumb Code   186  nrf24l01.o(.text)
    NRF24L01_Write_Reg                       0x08000ef7   Thumb Code    54  nrf24l01.o(.text)
    NRF24L01_Init                            0x08000f2d   Thumb Code    56  nrf24l01.o(.text)
    NRF24L01_Read_Buf                        0x08000f65   Thumb Code    64  nrf24l01.o(.text)
    NRF24L01_Write_Buf                       0x08000fa5   Thumb Code    64  nrf24l01.o(.text)
    NRF24L01_Check                           0x08000fe5   Thumb Code    72  nrf24l01.o(.text)
    NRF24L01_Read_Reg                        0x0800102d   Thumb Code    42  nrf24l01.o(.text)
    NRF24L01_Write_Byte                      0x08001057   Thumb Code    44  nrf24l01.o(.text)
    NRF24L01_TxPacket                        0x08001083   Thumb Code   122  nrf24l01.o(.text)
    NRF24L01_RxPacket                        0x080010fd   Thumb Code    68  nrf24l01.o(.text)
    NRF24L01_RX_Mode                         0x08001141   Thumb Code   110  nrf24l01.o(.text)
    NRF24L01_TX_Mode                         0x080011af   Thumb Code   106  nrf24l01.o(.text)
    EXTI_Config                              0x08001221   Thumb Code   118  exti.o(.text)
    EXTI0_IRQHandler                         0x08001297   Thumb Code    18  exti.o(.text)
    EXTI9_5_IRQHandler                       0x080012a9   Thumb Code     2  exti.o(.text)
    EXTI15_10_IRQHandler                     0x080012ab   Thumb Code    58  exti.o(.text)
    Reset_Handler                            0x080012f5   Thumb Code     8  startup_stm32f10x_md.o(.text)
    NMI_Handler                              0x080012fd   Thumb Code     2  startup_stm32f10x_md.o(.text)
    HardFault_Handler                        0x080012ff   Thumb Code     2  startup_stm32f10x_md.o(.text)
    MemManage_Handler                        0x08001301   Thumb Code     2  startup_stm32f10x_md.o(.text)
    BusFault_Handler                         0x08001303   Thumb Code     2  startup_stm32f10x_md.o(.text)
    UsageFault_Handler                       0x08001305   Thumb Code     2  startup_stm32f10x_md.o(.text)
    SVC_Handler                              0x08001307   Thumb Code     2  startup_stm32f10x_md.o(.text)
    DebugMon_Handler                         0x08001309   Thumb Code     2  startup_stm32f10x_md.o(.text)
    PendSV_Handler                           0x0800130b   Thumb Code     2  startup_stm32f10x_md.o(.text)
    SysTick_Handler                          0x0800130d   Thumb Code     2  startup_stm32f10x_md.o(.text)
    ADC1_2_IRQHandler                        0x0800130f   Thumb Code     0  startup_stm32f10x_md.o(.text)
    CAN1_RX1_IRQHandler                      0x0800130f   Thumb Code     0  startup_stm32f10x_md.o(.text)
    CAN1_SCE_IRQHandler                      0x0800130f   Thumb Code     0  startup_stm32f10x_md.o(.text)
    DMA1_Channel1_IRQHandler                 0x0800130f   Thumb Code     0  startup_stm32f10x_md.o(.text)
    DMA1_Channel2_IRQHandler                 0x0800130f   Thumb Code     0  startup_stm32f10x_md.o(.text)
    DMA1_Channel3_IRQHandler                 0x0800130f   Thumb Code     0  startup_stm32f10x_md.o(.text)
    DMA1_Channel4_IRQHandler                 0x0800130f   Thumb Code     0  startup_stm32f10x_md.o(.text)
    DMA1_Channel5_IRQHandler                 0x0800130f   Thumb Code     0  startup_stm32f10x_md.o(.text)
    DMA1_Channel6_IRQHandler                 0x0800130f   Thumb Code     0  startup_stm32f10x_md.o(.text)
    DMA1_Channel7_IRQHandler                 0x0800130f   Thumb Code     0  startup_stm32f10x_md.o(.text)
    EXTI1_IRQHandler                         0x0800130f   Thumb Code     0  startup_stm32f10x_md.o(.text)
    EXTI2_IRQHandler                         0x0800130f   Thumb Code     0  startup_stm32f10x_md.o(.text)
    EXTI3_IRQHandler                         0x0800130f   Thumb Code     0  startup_stm32f10x_md.o(.text)
    EXTI4_IRQHandler                         0x0800130f   Thumb Code     0  startup_stm32f10x_md.o(.text)
    FLASH_IRQHandler                         0x0800130f   Thumb Code     0  startup_stm32f10x_md.o(.text)
    I2C1_ER_IRQHandler                       0x0800130f   Thumb Code     0  startup_stm32f10x_md.o(.text)
    I2C1_EV_IRQHandler                       0x0800130f   Thumb Code     0  startup_stm32f10x_md.o(.text)
    I2C2_ER_IRQHandler                       0x0800130f   Thumb Code     0  startup_stm32f10x_md.o(.text)
    I2C2_EV_IRQHandler                       0x0800130f   Thumb Code     0  startup_stm32f10x_md.o(.text)
    PVD_IRQHandler                           0x0800130f   Thumb Code     0  startup_stm32f10x_md.o(.text)
    RCC_IRQHandler                           0x0800130f   Thumb Code     0  startup_stm32f10x_md.o(.text)
    RTCAlarm_IRQHandler                      0x0800130f   Thumb Code     0  startup_stm32f10x_md.o(.text)
    RTC_IRQHandler                           0x0800130f   Thumb Code     0  startup_stm32f10x_md.o(.text)
    SPI1_IRQHandler                          0x0800130f   Thumb Code     0  startup_stm32f10x_md.o(.text)
    SPI2_IRQHandler                          0x0800130f   Thumb Code     0  startup_stm32f10x_md.o(.text)
    TAMPER_IRQHandler                        0x0800130f   Thumb Code     0  startup_stm32f10x_md.o(.text)
    TIM1_BRK_IRQHandler                      0x0800130f   Thumb Code     0  startup_stm32f10x_md.o(.text)
    TIM1_CC_IRQHandler                       0x0800130f   Thumb Code     0  startup_stm32f10x_md.o(.text)
    TIM1_TRG_COM_IRQHandler                  0x0800130f   Thumb Code     0  startup_stm32f10x_md.o(.text)
    TIM1_UP_IRQHandler                       0x0800130f   Thumb Code     0  startup_stm32f10x_md.o(.text)
    TIM2_IRQHandler                          0x0800130f   Thumb Code     0  startup_stm32f10x_md.o(.text)
    TIM4_IRQHandler                          0x0800130f   Thumb Code     0  startup_stm32f10x_md.o(.text)
    USART3_IRQHandler                        0x0800130f   Thumb Code     0  startup_stm32f10x_md.o(.text)
    USBWakeUp_IRQHandler                     0x0800130f   Thumb Code     0  startup_stm32f10x_md.o(.text)
    USB_HP_CAN1_TX_IRQHandler                0x0800130f   Thumb Code     0  startup_stm32f10x_md.o(.text)
    USB_LP_CAN1_RX0_IRQHandler               0x0800130f   Thumb Code     0  startup_stm32f10x_md.o(.text)
    WWDG_IRQHandler                          0x0800130f   Thumb Code     0  startup_stm32f10x_md.o(.text)
    __user_initial_stackheap                 0x08001311   Thumb Code     0  startup_stm32f10x_md.o(.text)
    SystemInit                               0x08001413   Thumb Code    78  system_stm32f10x.o(.text)
    SystemCoreClockUpdate                    0x08001461   Thumb Code   142  system_stm32f10x.o(.text)
    NVIC_PriorityGroupConfig                 0x08001515   Thumb Code    10  misc.o(.text)
    NVIC_Init                                0x0800151f   Thumb Code   100  misc.o(.text)
    NVIC_SetVectorTable                      0x08001583   Thumb Code    14  misc.o(.text)
    NVIC_SystemLPConfig                      0x08001591   Thumb Code    34  misc.o(.text)
    SysTick_CLKSourceConfig                  0x080015b3   Thumb Code    40  misc.o(.text)
    GPIO_DeInit                              0x080015f1   Thumb Code   172  stm32f10x_gpio.o(.text)
    GPIO_AFIODeInit                          0x0800169d   Thumb Code    20  stm32f10x_gpio.o(.text)
    GPIO_Init                                0x080016b1   Thumb Code   278  stm32f10x_gpio.o(.text)
    GPIO_StructInit                          0x080017c7   Thumb Code    16  stm32f10x_gpio.o(.text)
    GPIO_ReadInputDataBit                    0x080017d7   Thumb Code    18  stm32f10x_gpio.o(.text)
    GPIO_ReadInputData                       0x080017e9   Thumb Code     8  stm32f10x_gpio.o(.text)
    GPIO_ReadOutputDataBit                   0x080017f1   Thumb Code    18  stm32f10x_gpio.o(.text)
    GPIO_ReadOutputData                      0x08001803   Thumb Code     8  stm32f10x_gpio.o(.text)
    GPIO_SetBits                             0x0800180b   Thumb Code     4  stm32f10x_gpio.o(.text)
    GPIO_ResetBits                           0x0800180f   Thumb Code     4  stm32f10x_gpio.o(.text)
    GPIO_WriteBit                            0x08001813   Thumb Code    10  stm32f10x_gpio.o(.text)
    GPIO_Write                               0x0800181d   Thumb Code     4  stm32f10x_gpio.o(.text)
    GPIO_PinLockConfig                       0x08001821   Thumb Code    18  stm32f10x_gpio.o(.text)
    GPIO_EventOutputConfig                   0x08001833   Thumb Code    26  stm32f10x_gpio.o(.text)
    GPIO_EventOutputCmd                      0x0800184d   Thumb Code     6  stm32f10x_gpio.o(.text)
    GPIO_PinRemapConfig                      0x08001853   Thumb Code   138  stm32f10x_gpio.o(.text)
    GPIO_EXTILineConfig                      0x080018dd   Thumb Code    66  stm32f10x_gpio.o(.text)
    GPIO_ETH_MediaInterfaceConfig            0x0800191f   Thumb Code     8  stm32f10x_gpio.o(.text)
    RCC_DeInit                               0x0800194d   Thumb Code    64  stm32f10x_rcc.o(.text)
    RCC_HSEConfig                            0x0800198d   Thumb Code    70  stm32f10x_rcc.o(.text)
    RCC_GetFlagStatus                        0x080019d3   Thumb Code    56  stm32f10x_rcc.o(.text)
    RCC_WaitForHSEStartUp                    0x08001a0b   Thumb Code    56  stm32f10x_rcc.o(.text)
    RCC_AdjustHSICalibrationValue            0x08001a43   Thumb Code    20  stm32f10x_rcc.o(.text)
    RCC_HSICmd                               0x08001a57   Thumb Code     6  stm32f10x_rcc.o(.text)
    RCC_PLLConfig                            0x08001a5d   Thumb Code    24  stm32f10x_rcc.o(.text)
    RCC_PLLCmd                               0x08001a75   Thumb Code     6  stm32f10x_rcc.o(.text)
    RCC_SYSCLKConfig                         0x08001a7b   Thumb Code    18  stm32f10x_rcc.o(.text)
    RCC_GetSYSCLKSource                      0x08001a8d   Thumb Code    10  stm32f10x_rcc.o(.text)
    RCC_HCLKConfig                           0x08001a97   Thumb Code    18  stm32f10x_rcc.o(.text)
    RCC_PCLK1Config                          0x08001aa9   Thumb Code    18  stm32f10x_rcc.o(.text)
    RCC_PCLK2Config                          0x08001abb   Thumb Code    20  stm32f10x_rcc.o(.text)
    RCC_ITConfig                             0x08001acf   Thumb Code    26  stm32f10x_rcc.o(.text)
    RCC_USBCLKConfig                         0x08001ae9   Thumb Code     8  stm32f10x_rcc.o(.text)
    RCC_ADCCLKConfig                         0x08001af1   Thumb Code    18  stm32f10x_rcc.o(.text)
    RCC_LSEConfig                            0x08001b03   Thumb Code    50  stm32f10x_rcc.o(.text)
    RCC_LSICmd                               0x08001b35   Thumb Code     6  stm32f10x_rcc.o(.text)
    RCC_RTCCLKConfig                         0x08001b3b   Thumb Code    12  stm32f10x_rcc.o(.text)
    RCC_RTCCLKCmd                            0x08001b47   Thumb Code     8  stm32f10x_rcc.o(.text)
    RCC_GetClocksFreq                        0x08001b4f   Thumb Code   192  stm32f10x_rcc.o(.text)
    RCC_AHBPeriphClockCmd                    0x08001c0f   Thumb Code    26  stm32f10x_rcc.o(.text)
    RCC_APB2PeriphClockCmd                   0x08001c29   Thumb Code    26  stm32f10x_rcc.o(.text)
    RCC_APB1PeriphClockCmd                   0x08001c43   Thumb Code    26  stm32f10x_rcc.o(.text)
    RCC_APB2PeriphResetCmd                   0x08001c5d   Thumb Code    26  stm32f10x_rcc.o(.text)
    RCC_APB1PeriphResetCmd                   0x08001c77   Thumb Code    26  stm32f10x_rcc.o(.text)
    RCC_BackupResetCmd                       0x08001c91   Thumb Code     8  stm32f10x_rcc.o(.text)
    RCC_ClockSecuritySystemCmd               0x08001c99   Thumb Code     6  stm32f10x_rcc.o(.text)
    RCC_MCOConfig                            0x08001c9f   Thumb Code     6  stm32f10x_rcc.o(.text)
    RCC_ClearFlag                            0x08001ca5   Thumb Code    14  stm32f10x_rcc.o(.text)
    RCC_GetITStatus                          0x08001cb3   Thumb Code    20  stm32f10x_rcc.o(.text)
    RCC_ClearITPendingBit                    0x08001cc7   Thumb Code     6  stm32f10x_rcc.o(.text)
    SPI_I2S_DeInit                           0x08001cf1   Thumb Code    76  stm32f10x_spi.o(.text)
    SPI_Init                                 0x08001d3d   Thumb Code    60  stm32f10x_spi.o(.text)
    I2S_Init                                 0x08001d79   Thumb Code   226  stm32f10x_spi.o(.text)
    SPI_StructInit                           0x08001e5b   Thumb Code    24  stm32f10x_spi.o(.text)
    I2S_StructInit                           0x08001e73   Thumb Code    20  stm32f10x_spi.o(.text)
    SPI_Cmd                                  0x08001e87   Thumb Code    24  stm32f10x_spi.o(.text)
    I2S_Cmd                                  0x08001e9f   Thumb Code    24  stm32f10x_spi.o(.text)
    SPI_I2S_ITConfig                         0x08001eb7   Thumb Code    32  stm32f10x_spi.o(.text)
    SPI_I2S_DMACmd                           0x08001ed7   Thumb Code    18  stm32f10x_spi.o(.text)
    SPI_I2S_SendData                         0x08001ee9   Thumb Code     4  stm32f10x_spi.o(.text)
    SPI_I2S_ReceiveData                      0x08001eed   Thumb Code     6  stm32f10x_spi.o(.text)
    SPI_NSSInternalSoftwareConfig            0x08001ef3   Thumb Code    30  stm32f10x_spi.o(.text)
    SPI_SSOutputCmd                          0x08001f11   Thumb Code    24  stm32f10x_spi.o(.text)
    SPI_DataSizeConfig                       0x08001f29   Thumb Code    18  stm32f10x_spi.o(.text)
    SPI_TransmitCRC                          0x08001f3b   Thumb Code    10  stm32f10x_spi.o(.text)
    SPI_CalculateCRC                         0x08001f45   Thumb Code    24  stm32f10x_spi.o(.text)
    SPI_GetCRC                               0x08001f5d   Thumb Code    16  stm32f10x_spi.o(.text)
    SPI_GetCRCPolynomial                     0x08001f6d   Thumb Code     6  stm32f10x_spi.o(.text)
    SPI_BiDirectionalLineConfig              0x08001f73   Thumb Code    28  stm32f10x_spi.o(.text)
    SPI_I2S_GetFlagStatus                    0x08001f8f   Thumb Code    18  stm32f10x_spi.o(.text)
    SPI_I2S_ClearFlag                        0x08001fa1   Thumb Code     6  stm32f10x_spi.o(.text)
    SPI_I2S_GetITStatus                      0x08001fa7   Thumb Code    52  stm32f10x_spi.o(.text)
    SPI_I2S_ClearITPendingBit                0x08001fdb   Thumb Code    20  stm32f10x_spi.o(.text)
    TIM_DeInit                               0x08001ffd   Thumb Code   424  stm32f10x_tim.o(.text)
    TIM_TimeBaseInit                         0x080021a5   Thumb Code   122  stm32f10x_tim.o(.text)
    TIM_OC1Init                              0x0800221f   Thumb Code   132  stm32f10x_tim.o(.text)
    TIM_OC2Init                              0x080022a3   Thumb Code   154  stm32f10x_tim.o(.text)
    TIM_OC3Init                              0x0800233d   Thumb Code   150  stm32f10x_tim.o(.text)
    TIM_OC4Init                              0x080023d3   Thumb Code   182  stm32f10x_tim.o(.text)
    TIM_SetIC4Prescaler                      0x08002489   Thumb Code    26  stm32f10x_tim.o(.text)
    TIM_SetIC3Prescaler                      0x08002525   Thumb Code    18  stm32f10x_tim.o(.text)
    TIM_SetIC2Prescaler                      0x080025b1   Thumb Code    26  stm32f10x_tim.o(.text)
    TIM_SetIC1Prescaler                      0x0800264d   Thumb Code    18  stm32f10x_tim.o(.text)
    TIM_ICInit                               0x080026cb   Thumb Code   150  stm32f10x_tim.o(.text)
    TIM_PWMIConfig                           0x08002761   Thumb Code   124  stm32f10x_tim.o(.text)
    TIM_BDTRConfig                           0x080027dd   Thumb Code    32  stm32f10x_tim.o(.text)
    TIM_TimeBaseStructInit                   0x080027fd   Thumb Code    18  stm32f10x_tim.o(.text)
    TIM_OCStructInit                         0x0800280f   Thumb Code    20  stm32f10x_tim.o(.text)
    TIM_ICStructInit                         0x08002823   Thumb Code    18  stm32f10x_tim.o(.text)
    TIM_BDTRStructInit                       0x08002835   Thumb Code    40  stm32f10x_tim.o(.text)
    TIM_Cmd                                  0x0800285d   Thumb Code    24  stm32f10x_tim.o(.text)
    TIM_CtrlPWMOutputs                       0x08002875   Thumb Code    30  stm32f10x_tim.o(.text)
    TIM_ITConfig                             0x08002893   Thumb Code    18  stm32f10x_tim.o(.text)
    TIM_GenerateEvent                        0x080028a5   Thumb Code     4  stm32f10x_tim.o(.text)
    TIM_DMAConfig                            0x080028a9   Thumb Code    10  stm32f10x_tim.o(.text)
    TIM_DMACmd                               0x080028b3   Thumb Code    18  stm32f10x_tim.o(.text)
    TIM_InternalClockConfig                  0x080028c5   Thumb Code    12  stm32f10x_tim.o(.text)
    TIM_SelectInputTrigger                   0x080028d1   Thumb Code    18  stm32f10x_tim.o(.text)
    TIM_ITRxExternalClockConfig              0x080028e3   Thumb Code    24  stm32f10x_tim.o(.text)
    TIM_TIxExternalClockConfig               0x080028fb   Thumb Code    62  stm32f10x_tim.o(.text)
    TIM_ETRConfig                            0x08002939   Thumb Code    28  stm32f10x_tim.o(.text)
    TIM_ETRClockMode1Config                  0x08002955   Thumb Code    54  stm32f10x_tim.o(.text)
    TIM_ETRClockMode2Config                  0x0800298b   Thumb Code    32  stm32f10x_tim.o(.text)
    TIM_PrescalerConfig                      0x080029ab   Thumb Code     6  stm32f10x_tim.o(.text)
    TIM_CounterModeConfig                    0x080029b1   Thumb Code    18  stm32f10x_tim.o(.text)
    TIM_EncoderInterfaceConfig               0x080029c3   Thumb Code    66  stm32f10x_tim.o(.text)
    TIM_ForcedOC1Config                      0x08002a05   Thumb Code    18  stm32f10x_tim.o(.text)
    TIM_ForcedOC2Config                      0x08002a17   Thumb Code    26  stm32f10x_tim.o(.text)
    TIM_ForcedOC3Config                      0x08002a31   Thumb Code    18  stm32f10x_tim.o(.text)
    TIM_ForcedOC4Config                      0x08002a43   Thumb Code    26  stm32f10x_tim.o(.text)
    TIM_ARRPreloadConfig                     0x08002a5d   Thumb Code    24  stm32f10x_tim.o(.text)
    TIM_SelectCOM                            0x08002a75   Thumb Code    24  stm32f10x_tim.o(.text)
    TIM_SelectCCDMA                          0x08002a8d   Thumb Code    24  stm32f10x_tim.o(.text)
    TIM_CCPreloadControl                     0x08002aa5   Thumb Code    24  stm32f10x_tim.o(.text)
    TIM_OC1PreloadConfig                     0x08002abd   Thumb Code    18  stm32f10x_tim.o(.text)
    TIM_OC2PreloadConfig                     0x08002acf   Thumb Code    26  stm32f10x_tim.o(.text)
    TIM_OC3PreloadConfig                     0x08002ae9   Thumb Code    18  stm32f10x_tim.o(.text)
    TIM_OC4PreloadConfig                     0x08002afb   Thumb Code    26  stm32f10x_tim.o(.text)
    TIM_OC1FastConfig                        0x08002b15   Thumb Code    18  stm32f10x_tim.o(.text)
    TIM_OC2FastConfig                        0x08002b27   Thumb Code    26  stm32f10x_tim.o(.text)
    TIM_OC3FastConfig                        0x08002b41   Thumb Code    18  stm32f10x_tim.o(.text)
    TIM_OC4FastConfig                        0x08002b53   Thumb Code    26  stm32f10x_tim.o(.text)
    TIM_ClearOC1Ref                          0x08002b6d   Thumb Code    18  stm32f10x_tim.o(.text)
    TIM_ClearOC2Ref                          0x08002b7f   Thumb Code    24  stm32f10x_tim.o(.text)
    TIM_ClearOC3Ref                          0x08002b97   Thumb Code    18  stm32f10x_tim.o(.text)
    TIM_ClearOC4Ref                          0x08002ba9   Thumb Code    24  stm32f10x_tim.o(.text)
    TIM_OC1PolarityConfig                    0x08002bc1   Thumb Code    18  stm32f10x_tim.o(.text)
    TIM_OC1NPolarityConfig                   0x08002bd3   Thumb Code    18  stm32f10x_tim.o(.text)
    TIM_OC2PolarityConfig                    0x08002be5   Thumb Code    26  stm32f10x_tim.o(.text)
    TIM_OC2NPolarityConfig                   0x08002bff   Thumb Code    26  stm32f10x_tim.o(.text)
    TIM_OC3PolarityConfig                    0x08002c19   Thumb Code    26  stm32f10x_tim.o(.text)
    TIM_OC3NPolarityConfig                   0x08002c33   Thumb Code    26  stm32f10x_tim.o(.text)
    TIM_OC4PolarityConfig                    0x08002c4d   Thumb Code    26  stm32f10x_tim.o(.text)
    TIM_CCxCmd                               0x08002c67   Thumb Code    30  stm32f10x_tim.o(.text)
    TIM_CCxNCmd                              0x08002c85   Thumb Code    30  stm32f10x_tim.o(.text)
    TIM_SelectOCxM                           0x08002ca3   Thumb Code    82  stm32f10x_tim.o(.text)
    TIM_UpdateDisableConfig                  0x08002cf5   Thumb Code    24  stm32f10x_tim.o(.text)
    TIM_UpdateRequestConfig                  0x08002d0d   Thumb Code    24  stm32f10x_tim.o(.text)
    TIM_SelectHallSensor                     0x08002d25   Thumb Code    24  stm32f10x_tim.o(.text)
    TIM_SelectOnePulseMode                   0x08002d3d   Thumb Code    18  stm32f10x_tim.o(.text)
    TIM_SelectOutputTrigger                  0x08002d4f   Thumb Code    18  stm32f10x_tim.o(.text)
    TIM_SelectSlaveMode                      0x08002d61   Thumb Code    18  stm32f10x_tim.o(.text)
    TIM_SelectMasterSlaveMode                0x08002d73   Thumb Code    18  stm32f10x_tim.o(.text)
    TIM_SetCounter                           0x08002d85   Thumb Code     4  stm32f10x_tim.o(.text)
    TIM_SetAutoreload                        0x08002d89   Thumb Code     4  stm32f10x_tim.o(.text)
    TIM_SetCompare1                          0x08002d8d   Thumb Code     4  stm32f10x_tim.o(.text)
    TIM_SetCompare2                          0x08002d91   Thumb Code     4  stm32f10x_tim.o(.text)
    TIM_SetCompare3                          0x08002d95   Thumb Code     4  stm32f10x_tim.o(.text)
    TIM_SetCompare4                          0x08002d99   Thumb Code     6  stm32f10x_tim.o(.text)
    TIM_SetClockDivision                     0x08002d9f   Thumb Code    18  stm32f10x_tim.o(.text)
    TIM_GetCapture1                          0x08002db1   Thumb Code     6  stm32f10x_tim.o(.text)
    TIM_GetCapture2                          0x08002db7   Thumb Code     6  stm32f10x_tim.o(.text)
    TIM_GetCapture3                          0x08002dbd   Thumb Code     6  stm32f10x_tim.o(.text)
    TIM_GetCapture4                          0x08002dc3   Thumb Code     8  stm32f10x_tim.o(.text)
    TIM_GetCounter                           0x08002dcb   Thumb Code     6  stm32f10x_tim.o(.text)
    TIM_GetPrescaler                         0x08002dd1   Thumb Code     6  stm32f10x_tim.o(.text)
    TIM_GetFlagStatus                        0x08002dd7   Thumb Code    18  stm32f10x_tim.o(.text)
    TIM_ClearFlag                            0x08002de9   Thumb Code     6  stm32f10x_tim.o(.text)
    TIM_GetITStatus                          0x08002def   Thumb Code    34  stm32f10x_tim.o(.text)
    TIM_ClearITPendingBit                    0x08002e11   Thumb Code     6  stm32f10x_tim.o(.text)
    USART_DeInit                             0x08002e19   Thumb Code   134  stm32f10x_usart.o(.text)
    USART_Init                               0x08002e9f   Thumb Code   210  stm32f10x_usart.o(.text)
    USART_StructInit                         0x08002f71   Thumb Code    24  stm32f10x_usart.o(.text)
    USART_ClockInit                          0x08002f89   Thumb Code    34  stm32f10x_usart.o(.text)
    USART_ClockStructInit                    0x08002fab   Thumb Code    12  stm32f10x_usart.o(.text)
    USART_Cmd                                0x08002fb7   Thumb Code    24  stm32f10x_usart.o(.text)
    USART_ITConfig                           0x08002fcf   Thumb Code    74  stm32f10x_usart.o(.text)
    USART_DMACmd                             0x08003019   Thumb Code    18  stm32f10x_usart.o(.text)
    USART_SetAddress                         0x0800302b   Thumb Code    18  stm32f10x_usart.o(.text)
    USART_WakeUpConfig                       0x0800303d   Thumb Code    18  stm32f10x_usart.o(.text)
    USART_ReceiverWakeUpCmd                  0x0800304f   Thumb Code    24  stm32f10x_usart.o(.text)
    USART_LINBreakDetectLengthConfig         0x08003067   Thumb Code    18  stm32f10x_usart.o(.text)
    USART_LINCmd                             0x08003079   Thumb Code    24  stm32f10x_usart.o(.text)
    USART_SendData                           0x08003091   Thumb Code     8  stm32f10x_usart.o(.text)
    USART_ReceiveData                        0x08003099   Thumb Code    10  stm32f10x_usart.o(.text)
    USART_SendBreak                          0x080030a3   Thumb Code    10  stm32f10x_usart.o(.text)
    USART_SetGuardTime                       0x080030ad   Thumb Code    16  stm32f10x_usart.o(.text)
    USART_SetPrescaler                       0x080030bd   Thumb Code    16  stm32f10x_usart.o(.text)
    USART_SmartCardCmd                       0x080030cd   Thumb Code    24  stm32f10x_usart.o(.text)
    USART_SmartCardNACKCmd                   0x080030e5   Thumb Code    24  stm32f10x_usart.o(.text)
    USART_HalfDuplexCmd                      0x080030fd   Thumb Code    24  stm32f10x_usart.o(.text)
    USART_OverSampling8Cmd                   0x08003115   Thumb Code    22  stm32f10x_usart.o(.text)
    USART_OneBitMethodCmd                    0x0800312b   Thumb Code    24  stm32f10x_usart.o(.text)
    USART_IrDAConfig                         0x08003143   Thumb Code    18  stm32f10x_usart.o(.text)
    USART_IrDACmd                            0x08003155   Thumb Code    24  stm32f10x_usart.o(.text)
    USART_GetFlagStatus                      0x0800316d   Thumb Code    26  stm32f10x_usart.o(.text)
    USART_ClearFlag                          0x08003187   Thumb Code    18  stm32f10x_usart.o(.text)
    USART_GetITStatus                        0x08003199   Thumb Code    84  stm32f10x_usart.o(.text)
    USART_ClearITPendingBit                  0x080031ed   Thumb Code    52  stm32f10x_usart.o(.text)
    EXTI_DeInit                              0x08003221   Thumb Code    28  stm32f10x_exti.o(.text)
    EXTI_Init                                0x0800323d   Thumb Code   142  stm32f10x_exti.o(.text)
    EXTI_StructInit                          0x080032cb   Thumb Code    16  stm32f10x_exti.o(.text)
    EXTI_GenerateSWInterrupt                 0x080032db   Thumb Code    16  stm32f10x_exti.o(.text)
    EXTI_GetFlagStatus                       0x080032eb   Thumb Code    22  stm32f10x_exti.o(.text)
    EXTI_ClearFlag                           0x08003301   Thumb Code     8  stm32f10x_exti.o(.text)
    EXTI_GetITStatus                         0x08003309   Thumb Code    34  stm32f10x_exti.o(.text)
    EXTI_ClearITPendingBit                   0x0800332b   Thumb Code     8  stm32f10x_exti.o(.text)
    __use_no_semihosting                     0x0800333d   Thumb Code     2  use_no_semi_2.o(.text)
    __2printf                                0x08003341   Thumb Code    20  noretval__2printf.o(.text)
    __printf                                 0x08003359   Thumb Code   104  __printf.o(.text)
    _printf_str                              0x080033c1   Thumb Code    82  _printf_str.o(.text)
    _printf_int_dec                          0x08003415   Thumb Code   100  _printf_dec.o(.text)
    strstr                                   0x08003489   Thumb Code    36  strstr.o(.text)
    strcpy                                   0x080034ad   Thumb Code    72  strcpy.o(.text)
    strlen                                   0x080034f5   Thumb Code    62  strlen.o(.text)
    strcat                                   0x08003533   Thumb Code    24  strcat.o(.text)
    __use_two_region_memory                  0x0800354b   Thumb Code     2  heapauxi.o(.text)
    __rt_heap_escrow$2region                 0x0800354d   Thumb Code     2  heapauxi.o(.text)
    __rt_heap_expand$2region                 0x0800354f   Thumb Code     2  heapauxi.o(.text)
    __I$use$semihosting                      0x08003551   Thumb Code     0  use_no_semi.o(.text)
    __use_no_semihosting_swi                 0x08003551   Thumb Code     2  use_no_semi.o(.text)
    _printf_int_common                       0x08003553   Thumb Code   178  _printf_intcommon.o(.text)
    _printf_cs_common                        0x08003605   Thumb Code    20  _printf_char.o(.text)
    _printf_char                             0x08003619   Thumb Code    16  _printf_char.o(.text)
    _printf_string                           0x08003629   Thumb Code     8  _printf_char.o(.text)
    _printf_char_file                        0x08003631   Thumb Code    32  _printf_char_file.o(.text)
    _printf_char_common                      0x0800365f   Thumb Code    32  _printf_char_common.o(.text)
    ferror                                   0x08003685   Thumb Code     8  ferror.o(.text)
    __user_setup_stackheap                   0x0800368d   Thumb Code    74  sys_stackheap_outer.o(.text)
    exit                                     0x080036d7   Thumb Code    12  exit.o(.text)
    __user_libspace                          0x080036e5   Thumb Code     8  libspace.o(.text)
    __user_perproc_libspace                  0x080036e5   Thumb Code     0  libspace.o(.text)
    __user_perthread_libspace                0x080036e5   Thumb Code     0  libspace.o(.text)
    TX_ADDRESS                               0x080036ec   Data           5  nrf24l01.o(.constdata)
    RX_ADDRESS                               0x080036f1   Data           5  nrf24l01.o(.constdata)
    Region$$Table$$Base                      0x080036f8   Number         0  anon$$obj.o(Region$$Table)
    Region$$Table$$Limit                     0x08003718   Number         0  anon$$obj.o(Region$$Table)
    USARTNum                                 0x20000000   Data           1  usart.o(.data)
    __stdout                                 0x20000004   Data           4  usart.o(.data)
    time_s                                   0x20000008   Data           2  time.o(.data)
    time_100ms                               0x2000000a   Data           2  time.o(.data)
    SystemCoreClock                          0x2000000c   Data           4  system_stm32f10x.o(.data)
    AHBPrescTable                            0x20000010   Data          16  system_stm32f10x.o(.data)
    USART1Buffer                             0x20000034   Data          58  usart.o(.bss)
    data                                     0x2000006e   Data          51  esp8266.o(.bss)
    dataBuffer                               0x200000a1   Data          10  exti.o(.bss)
    __libspace_start                         0x200000ac   Data          96  libspace.o(.bss)
    __temporary_stack_top$libspace           0x2000010c   Data           0  libspace.o(.bss)



==============================================================================

Memory Map of the image

  Image Entry point : 0x080000ed

  Load Region LR_IROM1 (Base: 0x08000000, Size: 0x0000374c, Max: 0x00010000, ABSOLUTE)

    Execution Region ER_IROM1 (Base: 0x08000000, Size: 0x00003718, Max: 0x00010000, ABSOLUTE)

    Base Addr    Size         Type   Attr      Idx    E Section Name        Object

    0x08000000   0x000000ec   Data   RO          249    RESET               startup_stm32f10x_md.o
    0x080000ec   0x00000008   Code   RO          495  * !!!main             c_w.l(__main.o)
    0x080000f4   0x00000034   Code   RO          662    !!!scatter          c_w.l(__scatter.o)
    0x08000128   0x0000001a   Code   RO          664    !!handler_copy      c_w.l(__scatter_copy.o)
    0x08000142   0x00000002   PAD
    0x08000144   0x0000001c   Code   RO          666    !!handler_zi        c_w.l(__scatter_zi.o)
    0x08000160   0x00000000   Code   RO          484    .ARM.Collect$$_printf_percent$$00000000  c_w.l(_printf_percent.o)
    0x08000160   0x00000006   Code   RO          483    .ARM.Collect$$_printf_percent$$00000009  c_w.l(_printf_d.o)
    0x08000166   0x00000006   Code   RO          482    .ARM.Collect$$_printf_percent$$00000014  c_w.l(_printf_s.o)
    0x0800016c   0x00000004   Code   RO          506    .ARM.Collect$$_printf_percent$$00000017  c_w.l(_printf_percent_end.o)
    0x08000170   0x00000002   Code   RO          539    .ARM.Collect$$libinit$$00000000  c_w.l(libinit.o)
    0x08000172   0x00000000   Code   RO          546    .ARM.Collect$$libinit$$00000002  c_w.l(libinit2.o)
    0x08000172   0x00000000   Code   RO          549    .ARM.Collect$$libinit$$00000008  c_w.l(libinit2.o)
    0x08000172   0x00000000   Code   RO          551    .ARM.Collect$$libinit$$0000000A  c_w.l(libinit2.o)
    0x08000172   0x00000000   Code   RO          553    .ARM.Collect$$libinit$$0000000C  c_w.l(libinit2.o)
    0x08000172   0x00000000   Code   RO          556    .ARM.Collect$$libinit$$0000000F  c_w.l(libinit2.o)
    0x08000172   0x00000000   Code   RO          558    .ARM.Collect$$libinit$$00000011  c_w.l(libinit2.o)
    0x08000172   0x00000000   Code   RO          560    .ARM.Collect$$libinit$$00000013  c_w.l(libinit2.o)
    0x08000172   0x00000000   Code   RO          562    .ARM.Collect$$libinit$$00000015  c_w.l(libinit2.o)
    0x08000172   0x00000000   Code   RO          564    .ARM.Collect$$libinit$$00000017  c_w.l(libinit2.o)
    0x08000172   0x00000000   Code   RO          566    .ARM.Collect$$libinit$$00000019  c_w.l(libinit2.o)
    0x08000172   0x00000000   Code   RO          568    .ARM.Collect$$libinit$$0000001B  c_w.l(libinit2.o)
    0x08000172   0x00000000   Code   RO          570    .ARM.Collect$$libinit$$0000001D  c_w.l(libinit2.o)
    0x08000172   0x00000000   Code   RO          572    .ARM.Collect$$libinit$$0000001F  c_w.l(libinit2.o)
    0x08000172   0x00000000   Code   RO          574    .ARM.Collect$$libinit$$00000021  c_w.l(libinit2.o)
    0x08000172   0x00000000   Code   RO          576    .ARM.Collect$$libinit$$00000023  c_w.l(libinit2.o)
    0x08000172   0x00000000   Code   RO          580    .ARM.Collect$$libinit$$0000002A  c_w.l(libinit2.o)
    0x08000172   0x00000000   Code   RO          582    .ARM.Collect$$libinit$$0000002C  c_w.l(libinit2.o)
    0x08000172   0x00000000   Code   RO          584    .ARM.Collect$$libinit$$0000002E  c_w.l(libinit2.o)
    0x08000172   0x00000000   Code   RO          586    .ARM.Collect$$libinit$$00000030  c_w.l(libinit2.o)
    0x08000172   0x00000002   Code   RO          587    .ARM.Collect$$libinit$$00000031  c_w.l(libinit2.o)
    0x08000174   0x00000002   Code   RO          605    .ARM.Collect$$libshutdown$$00000000  c_w.l(libshutdown.o)
    0x08000176   0x00000000   Code   RO          616    .ARM.Collect$$libshutdown$$00000003  c_w.l(libshutdown2.o)
    0x08000176   0x00000000   Code   RO          619    .ARM.Collect$$libshutdown$$00000006  c_w.l(libshutdown2.o)
    0x08000176   0x00000000   Code   RO          622    .ARM.Collect$$libshutdown$$00000009  c_w.l(libshutdown2.o)
    0x08000176   0x00000000   Code   RO          624    .ARM.Collect$$libshutdown$$0000000B  c_w.l(libshutdown2.o)
    0x08000176   0x00000000   Code   RO          627    .ARM.Collect$$libshutdown$$0000000E  c_w.l(libshutdown2.o)
    0x08000176   0x00000002   Code   RO          628    .ARM.Collect$$libshutdown$$0000000F  c_w.l(libshutdown2.o)
    0x08000178   0x00000000   Code   RO          499    .ARM.Collect$$rtentry$$00000000  c_w.l(rtentry.o)
    0x08000178   0x00000000   Code   RO          508    .ARM.Collect$$rtentry$$00000002  c_w.l(rtentry2.o)
    0x08000178   0x00000006   Code   RO          520    .ARM.Collect$$rtentry$$00000004  c_w.l(rtentry4.o)
    0x0800017e   0x00000000   Code   RO          510    .ARM.Collect$$rtentry$$00000009  c_w.l(rtentry2.o)
    0x0800017e   0x00000004   Code   RO          511    .ARM.Collect$$rtentry$$0000000A  c_w.l(rtentry2.o)
    0x08000182   0x00000000   Code   RO          513    .ARM.Collect$$rtentry$$0000000C  c_w.l(rtentry2.o)
    0x08000182   0x00000008   Code   RO          514    .ARM.Collect$$rtentry$$0000000D  c_w.l(rtentry2.o)
    0x0800018a   0x00000002   Code   RO          543    .ARM.Collect$$rtexit$$00000000  c_w.l(rtexit.o)
    0x0800018c   0x00000000   Code   RO          589    .ARM.Collect$$rtexit$$00000002  c_w.l(rtexit2.o)
    0x0800018c   0x00000004   Code   RO          590    .ARM.Collect$$rtexit$$00000003  c_w.l(rtexit2.o)
    0x08000190   0x00000006   Code   RO          591    .ARM.Collect$$rtexit$$00000004  c_w.l(rtexit2.o)
    0x08000196   0x00000002   PAD
    0x08000198   0x000000c0   Code   RO            3    .text               main.o
    0x08000258   0x00000120   Code   RO          103    .text               delay.o
    0x08000378   0x00000300   Code   RO          123    .text               usart.o
    0x08000678   0x0000065c   Code   RO          154    .text               esp8266.o
    0x08000cd4   0x000000c4   Code   RO          177    .text               time.o
    0x08000d98   0x00000488   Code   RO          203    .text               nrf24l01.o
    0x08001220   0x000000d4   Code   RO          226    .text               exti.o
    0x080012f4   0x00000040   Code   RO          250    .text               startup_stm32f10x_md.o
    0x08001334   0x000001e0   Code   RO          256    .text               system_stm32f10x.o
    0x08001514   0x000000dc   Code   RO          282    .text               misc.o
    0x080015f0   0x0000035c   Code   RO          302    .text               stm32f10x_gpio.o
    0x0800194c   0x000003a4   Code   RO          322    .text               stm32f10x_rcc.o
    0x08001cf0   0x0000030c   Code   RO          344    .text               stm32f10x_spi.o
    0x08001ffc   0x00000e1a   Code   RO          364    .text               stm32f10x_tim.o
    0x08002e16   0x00000002   PAD
    0x08002e18   0x00000408   Code   RO          384    .text               stm32f10x_usart.o
    0x08003220   0x0000011c   Code   RO          430    .text               stm32f10x_exti.o
    0x0800333c   0x00000002   Code   RO          450    .text               c_w.l(use_no_semi_2.o)
    0x0800333e   0x00000002   PAD
    0x08003340   0x00000018   Code   RO          454    .text               c_w.l(noretval__2printf.o)
    0x08003358   0x00000068   Code   RO          456    .text               c_w.l(__printf.o)
    0x080033c0   0x00000052   Code   RO          458    .text               c_w.l(_printf_str.o)
    0x08003412   0x00000002   PAD
    0x08003414   0x00000074   Code   RO          460    .text               c_w.l(_printf_dec.o)
    0x08003488   0x00000024   Code   RO          485    .text               c_w.l(strstr.o)
    0x080034ac   0x00000048   Code   RO          487    .text               c_w.l(strcpy.o)
    0x080034f4   0x0000003e   Code   RO          489    .text               c_w.l(strlen.o)
    0x08003532   0x00000018   Code   RO          491    .text               c_w.l(strcat.o)
    0x0800354a   0x00000006   Code   RO          493    .text               c_w.l(heapauxi.o)
    0x08003550   0x00000002   Code   RO          497    .text               c_w.l(use_no_semi.o)
    0x08003552   0x000000b2   Code   RO          500    .text               c_w.l(_printf_intcommon.o)
    0x08003604   0x0000002c   Code   RO          502    .text               c_w.l(_printf_char.o)
    0x08003630   0x00000024   Code   RO          504    .text               c_w.l(_printf_char_file.o)
    0x08003654   0x00000030   Code   RO          522    .text               c_w.l(_printf_char_common.o)
    0x08003684   0x00000008   Code   RO          524    .text               c_w.l(ferror.o)
    0x0800368c   0x0000004a   Code   RO          528    .text               c_w.l(sys_stackheap_outer.o)
    0x080036d6   0x0000000c   Code   RO          532    .text               c_w.l(exit.o)
    0x080036e2   0x00000002   PAD
    0x080036e4   0x00000008   Code   RO          540    .text               c_w.l(libspace.o)
    0x080036ec   0x0000000a   Data   RO          204    .constdata          nrf24l01.o
    0x080036f6   0x00000002   PAD
    0x080036f8   0x00000020   Data   RO          660    Region$$Table       anon$$obj.o


    Execution Region RW_IRAM1 (Base: 0x20000000, Size: 0x00000710, Max: 0x00005000, ABSOLUTE)

    Base Addr    Size         Type   Attr      Idx    E Section Name        Object

    0x20000000   0x00000008   Data   RW          125    .data               usart.o
    0x20000008   0x00000004   Data   RW          178    .data               time.o
    0x2000000c   0x00000014   Data   RW          257    .data               system_stm32f10x.o
    0x20000020   0x00000014   Data   RW          323    .data               stm32f10x_rcc.o
    0x20000034   0x0000003a   Zero   RW          124    .bss                usart.o
    0x2000006e   0x00000033   Zero   RW          155    .bss                esp8266.o
    0x200000a1   0x0000000a   Zero   RW          227    .bss                exti.o
    0x200000ab   0x00000001   PAD
    0x200000ac   0x00000060   Zero   RW          541    .bss                c_w.l(libspace.o)
    0x2000010c   0x00000004   PAD
    0x20000110   0x00000200   Zero   RW          248    HEAP                startup_stm32f10x_md.o
    0x20000310   0x00000400   Zero   RW          247    STACK               startup_stm32f10x_md.o


==============================================================================

Image component sizes


      Code (inc. data)   RO Data    RW Data    ZI Data      Debug   Object Name

       288          6          0          0          0       1324   delay.o
      1628        326          0          0         51       7619   esp8266.o
       212         16          0          0         10       1796   exti.o
       192         74          0          0          0     261817   main.o
       220         22          0          0          0       1925   misc.o
      1160         28         10          0          0       4745   nrf24l01.o
        64         26        236          0       1536        848   startup_stm32f10x_md.o
       284         10          0          0          0       2359   stm32f10x_exti.o
       860         38          0          0          0       5773   stm32f10x_gpio.o
       932         36          0         20          0       8928   stm32f10x_rcc.o
       780         14          0          0          0       6650   stm32f10x_spi.o
      3610         88          0          0          0      22256   stm32f10x_tim.o
      1032         22          0          0          0       8492   stm32f10x_usart.o
       480         38          0         20          0       2067   system_stm32f10x.o
       196         12          0          4          0       1158   time.o
       768         20          0          8         58       5698   usart.o

    ----------------------------------------------------------------------
     12708        776        280         52       1656     343455   Object Totals
         0          0         32          0          0          0   (incl. Generated)
         2          0          2          0          1          0   (incl. Padding)

    ----------------------------------------------------------------------

      Code (inc. data)   RO Data    RW Data    ZI Data      Debug   Library Member Name

         8          0          0          0          0         68   __main.o
       104          0          0          0          0         84   __printf.o
        52          8          0          0          0          0   __scatter.o
        26          0          0          0          0          0   __scatter_copy.o
        28          0          0          0          0          0   __scatter_zi.o
        44          0          0          0          0        108   _printf_char.o
        48          6          0          0          0         96   _printf_char_common.o
        36          4          0          0          0         80   _printf_char_file.o
         6          0          0          0          0          0   _printf_d.o
       116         16          0          0          0         92   _printf_dec.o
       178          0          0          0          0         88   _printf_intcommon.o
         0          0          0          0          0          0   _printf_percent.o
         4          0          0          0          0          0   _printf_percent_end.o
         6          0          0          0          0          0   _printf_s.o
        82          0          0          0          0         80   _printf_str.o
        12          0          0          0          0         72   exit.o
         8          0          0          0          0         68   ferror.o
         6          0          0          0          0        152   heapauxi.o
         2          0          0          0          0          0   libinit.o
         2          0          0          0          0          0   libinit2.o
         2          0          0          0          0          0   libshutdown.o
         2          0          0          0          0          0   libshutdown2.o
         8          4          0          0         96         68   libspace.o
        24          4          0          0          0         84   noretval__2printf.o
         0          0          0          0          0          0   rtentry.o
        12          0          0          0          0          0   rtentry2.o
         6          0          0          0          0          0   rtentry4.o
         2          0          0          0          0          0   rtexit.o
        10          0          0          0          0          0   rtexit2.o
        24          0          0          0          0         68   strcat.o
        72          0          0          0          0         80   strcpy.o
        62          0          0          0          0         76   strlen.o
        36          0          0          0          0         80   strstr.o
        74          0          0          0          0         80   sys_stackheap_outer.o
         2          0          0          0          0         68   use_no_semi.o
         2          0          0          0          0         68   use_no_semi_2.o

    ----------------------------------------------------------------------
      1116         42          0          0        100       1660   Library Totals
        10          0          0          0          4          0   (incl. Padding)

    ----------------------------------------------------------------------

      Code (inc. data)   RO Data    RW Data    ZI Data      Debug   Library Name

      1106         42          0          0         96       1660   c_w.l

    ----------------------------------------------------------------------
      1116         42          0          0        100       1660   Library Totals

    ----------------------------------------------------------------------

==============================================================================


      Code (inc. data)   RO Data    RW Data    ZI Data      Debug   

     13824        818        280         52       1756     342719   Grand Totals
     13824        818        280         52       1756     342719   ELF Image Totals
     13824        818        280         52          0          0   ROM Totals

==============================================================================

    Total RO  Size (Code + RO Data)                14104 (  13.77kB)
    Total RW  Size (RW Data + ZI Data)              1808 (   1.77kB)
    Total ROM Size (Code + RO Data + RW Data)      14156 (  13.82kB)

==============================================================================

